 argon2

 Timestamp is 5b97a04c (Tue Sep 11 19:00:28 2018)

 Preferred load address is 0000000180000000

 Start         Length     Name                   Class
 0001:00000000 00017370H .text$mn                CODE
 0001:00017370 00000020H .text$mn$00             CODE
 0001:00017390 00000270H .text$x                 CODE
 0002:00000000 00000268H .idata$5                DATA
 0002:00000268 00000010H .00cfg                  DATA
 0002:00000278 00000008H .CRT$XCA                DATA
 0002:00000280 00000008H .CRT$XCU                DATA
 0002:00000288 00000008H .CRT$XCZ                DATA
 0002:00000290 00000008H .CRT$XIA                DATA
 0002:00000298 00000018H .CRT$XIC                DATA
 0002:000002b0 00000008H .CRT$XIZ                DATA
 0002:000002b8 00000008H .CRT$XPA                DATA
 0002:000002c0 00000010H .CRT$XPX                DATA
 0002:000002d0 00000008H .CRT$XPXA               DATA
 0002:000002d8 00000008H .CRT$XPZ                DATA
 0002:000002e0 00000008H .CRT$XTA                DATA
 0002:000002e8 00000008H .CRT$XTZ                DATA
 0002:000002f0 00008598H .rdata                  DATA
 0002:00008888 00000384H .rdata$r                DATA
 0002:00008c0c 000003dcH .rdata$zzzdbg           DATA
 0002:00008fe8 00000008H .rtc$IAA                DATA
 0002:00008ff0 00000008H .rtc$IZZ                DATA
 0002:00008ff8 00000008H .rtc$TAA                DATA
 0002:00009000 00000008H .rtc$TZZ                DATA
 0002:00009008 000012a0H .xdata                  DATA
 0002:0000a2a8 000001e4H .xdata$x                DATA
 0002:0000a48c 00000020H .didat$2                DATA
 0002:0000a4ac 00000024H .didat$3                DATA
 0002:0000a4d0 00000148H .didat$4                DATA
 0002:0000a618 00000b18H .didat$6                DATA
 0002:0000b130 00000150H .didat$7                DATA
 0002:0000b280 000002a4H .edata                  DATA
 0002:0000b524 00000014H .idata$2                DATA
 0002:0000b538 00000018H .idata$3                DATA
 0002:0000b550 00000268H .idata$4                DATA
 0002:0000b7b8 0000059eH .idata$6                DATA
 0003:00000000 00000930H .data                   DATA
 0003:00000930 00000118H .data$r                 DATA
 0003:00000a48 00000148H .didat$5                DATA
 0003:00000b90 000011f0H .bss                    DATA
 0004:00000000 00001554H .pdata                  DATA
 0005:00000000 00000084H .gfids$x                DATA
 0005:00000084 00000048H .gfids$y                DATA
 0006:00000000 00000060H .rsrc$01                DATA
 0006:00000060 00000180H .rsrc$02                DATA

  Address         Publics by Value              Rva+Base               Lib:Object

 0000:00000000       __guard_iat_table          0000000000000000     <absolute>
 0000:00000000       __dynamic_value_reloc_table 0000000000000000     <absolute>
 0000:00000000       __guard_iat_count          0000000000000000     <absolute>
 0000:00000000       __guard_longjmp_table      0000000000000000     <absolute>
 0000:00000000       __guard_longjmp_count      0000000000000000     <absolute>
 0000:00000000       __guard_fids_count         0000000000000000     <absolute>
 0000:00000000       ___safe_se_handler_table   0000000000000000     <absolute>
 0000:00000000       ___safe_se_handler_count   0000000000000000     <absolute>
 0000:00000000       __guard_fids_table         0000000000000000     <absolute>
 0000:00000100       __guard_flags              0000000000000100     <absolute>
 0000:00000000       __ImageBase                0000000180000000     <linker-defined>
 0001:000000d0       ?New@?$Factory@VFunctionTemplate@v8@@@imp@Nan@@SA?AV?$Local@VFunctionTemplate@v8@@@v8@@P6AXAEBV?$FunctionCallbackInfo@VValue@v8@@@3@@ZV?$Local@VValue@v8@@@5@V?$Local@VSignature@v8@@@5@@Z 00000001800010d0 f i argon2_node.obj
 0001:00000250       ?Call@Callback@Nan@@QEBA?AV?$MaybeLocal@VValue@v8@@@v8@@HQEAV?$Local@VValue@v8@@@4@PEAVAsyncResource@2@@Z 0000000180001250 f i argon2_node.obj
 0001:00000350       ??0AsyncWorker@Nan@@QEAA@PEAVCallback@1@PEBD@Z 0000000180001350 f i argon2_node.obj
 0001:00000420       ??1AsyncWorker@Nan@@UEAA@XZ 0000000180001420 f i argon2_node.obj
 0001:000004e0       ?WorkComplete@AsyncWorker@Nan@@UEAAXXZ 00000001800014e0 f i argon2_node.obj
 0001:00000570       ?Destroy@AsyncWorker@Nan@@UEAAXXZ 0000000180001570 f i argon2_node.obj
 0001:00000590       ?HandleOKCallback@AsyncWorker@Nan@@MEAAXXZ 0000000180001590 f i argon2_node.obj
 0001:000005e0       ?HandleErrorCallback@AsyncWorker@Nan@@MEAAXXZ 00000001800015e0 f i argon2_node.obj
 0001:00000750       ??_EAsyncWorker@Nan@@UEAAPEAXI@Z 0000000180001750 f i * CIL library *:* CIL module *
 0001:00000750       ??_GAsyncWorker@Nan@@UEAAPEAXI@Z 0000000180001750 f i argon2_node.obj
 0001:00000790       ?AsyncExecute@Nan@@YAXPEAUuv_work_s@@@Z 0000000180001790 f i argon2_node.obj
 0001:000007a0       ?AsyncExecuteComplete@Nan@@YAXPEAUuv_work_s@@@Z 00000001800017a0 f i argon2_node.obj
 0001:000007e0       ?Export@Nan@@YAXV?$Local@VObject@v8@@@v8@@PEBDP6AXAEBV?$FunctionCallbackInfo@VValue@v8@@@1@@Z@Z 00000001800017e0 f i argon2_node.obj
 0001:00000940       ?dump@Options@@QEBA?AV?$Local@VObject@v8@@@v8@@AEBV?$basic_string@DU?$char_traits@D@std@@V?$allocator@D@2@@std@@@Z 0000000180001940 f i argon2_node.obj
 0001:00001060       ?Execute@HashWorker@@UEAAXXZ 0000000180002060 f i argon2_node.obj
 0001:00001230       ?HandleOKCallback@HashWorker@@UEAAXXZ 0000000180002230 f i argon2_node.obj
 0001:00001370       ??_EHashWorker@@UEAAPEAXI@Z 0000000180002370 f i * CIL library *:* CIL module *
 0001:00001370       ??_GHashWorker@@UEAAPEAXI@Z 0000000180002370 f i argon2_node.obj
 0001:000013d0       ?extract_options@@YA?AVOptions@@AEBV?$Local@VObject@v8@@@v8@@@Z 00000001800023d0 f   argon2_node.obj
 0001:00001b50       ?Hash@@YAXAEBV?$FunctionCallbackInfo@VValue@v8@@@Nan@@@Z 0000000180002b50 f   argon2_node.obj
 0001:00001ea0       ?init@@YAXV?$Local@VObject@v8@@@v8@@@Z 0000000180002ea0 f   argon2_node.obj
 0001:00002530       ?assign@?$basic_string@DU?$char_traits@D@std@@V?$allocator@D@2@@std@@QEAAAEAV12@PEBD_K@Z 0000000180003530 f i argon2_node.obj
 0001:00002660       ??1?$basic_string@DU?$char_traits@D@std@@V?$allocator@D@2@@std@@QEAA@XZ 0000000180003660 f i argon2_node.obj
 0001:000026f0       ??4?$basic_string@DU?$char_traits@D@std@@V?$allocator@D@2@@std@@QEAAAEAV01@$$QEAV01@@Z 00000001800036f0 f i argon2_node.obj
 0001:000027a0       ??0?$basic_string@DU?$char_traits@D@std@@V?$allocator@D@2@@std@@QEAA@$$QEAV01@@Z 00000001800037a0 f i argon2_node.obj
 0001:00002840       ?assign@?$basic_string@DU?$char_traits@D@std@@V?$allocator@D@2@@std@@QEAAAEAV12@AEBV12@_K1@Z 0000000180003840 f i argon2_node.obj
 0001:00002970       ?_Assign_rv@?$basic_string@DU?$char_traits@D@std@@V?$allocator@D@2@@std@@QEAAX$$QEAV12@@Z 0000000180003970 f i argon2_node.obj
 0001:000029f0       ?_Copy@?$basic_string@DU?$char_traits@D@std@@V?$allocator@D@2@@std@@QEAAX_K0@Z 00000001800039f0 f i argon2_node.obj
 0001:00002b70       ?erase@?$basic_string@DU?$char_traits@D@std@@V?$allocator@D@2@@std@@QEAAAEAV12@_K0@Z 0000000180003b70 f i argon2_node.obj
 0001:00002c90       argon2_type2string         0000000180003c90 f   libargon2:argon2.obj
 0001:00002ce0       argon2_ctx                 0000000180003ce0 f   libargon2:argon2.obj
 0001:00002dd0       argon2_hash                0000000180003dd0 f   libargon2:argon2.obj
 0001:00002fd0       argon2i_hash_encoded       0000000180003fd0 f   libargon2:argon2.obj
 0001:00003050       argon2i_hash_raw           0000000180004050 f   libargon2:argon2.obj
 0001:000030c0       argon2d_hash_encoded       00000001800040c0 f   libargon2:argon2.obj
 0001:00003130       argon2d_hash_raw           0000000180004130 f   libargon2:argon2.obj
 0001:000031a0       argon2id_hash_encoded      00000001800041a0 f   libargon2:argon2.obj
 0001:00003220       argon2id_hash_raw          0000000180004220 f   libargon2:argon2.obj
 0001:00003380       argon2_verify              0000000180004380 f   libargon2:argon2.obj
 0001:000034c0       argon2i_verify             00000001800044c0 f   libargon2:argon2.obj
 0001:000034d0       argon2d_verify             00000001800044d0 f   libargon2:argon2.obj
 0001:000034e0       argon2id_verify            00000001800044e0 f   libargon2:argon2.obj
 0001:000034f0       argon2d_ctx                00000001800044f0 f   libargon2:argon2.obj
 0001:00003500       argon2i_ctx                0000000180004500 f   libargon2:argon2.obj
 0001:00003510       argon2id_ctx               0000000180004510 f   libargon2:argon2.obj
 0001:00003520       argon2_verify_ctx          0000000180004520 f   libargon2:argon2.obj
 0001:00003560       argon2d_verify_ctx         0000000180004560 f   libargon2:argon2.obj
 0001:000035a0       argon2i_verify_ctx         00000001800045a0 f   libargon2:argon2.obj
 0001:000035e0       argon2id_verify_ctx        00000001800045e0 f   libargon2:argon2.obj
 0001:00003620       argon2_error_message       0000000180004620 f   libargon2:argon2.obj
 0001:00003800       argon2_encodedlen          0000000180004800 f   libargon2:argon2.obj
 0001:00003980       finalize                   0000000180004980 f   libargon2:core.obj
 0001:00003be0       index_alpha                0000000180004be0 f   libargon2:core.obj
 0001:00004320       validate_inputs            0000000180005320 f   libargon2:core.obj
 0001:00004430       fill_first_blocks          0000000180005430 f   libargon2:core.obj
 0001:00004590       initial_hash               0000000180005590 f   libargon2:core.obj
 0001:000050d0       initialize                 00000001800060d0 f   libargon2:core.obj
 0001:000051a0       __local_stdio_printf_options 00000001800061a0 f i libargon2:encoding.obj
 0001:000051b0       sprintf                    00000001800061b0 f i libargon2:encoding.obj
 0001:000055c0       decode_string              00000001800065c0 f   libargon2:encoding.obj
 0001:000059a0       encode_string              00000001800069a0 f   libargon2:encoding.obj
 0001:00005ca0       blake2b_init_param         0000000180006ca0 f   libargon2:blake2b.obj
 0001:00005d70       blake2b_init               0000000180006d70 f   libargon2:blake2b.obj
 0001:00006340       blake2b_update             0000000180007340 f   libargon2:blake2b.obj
 0001:00006470       blake2b_final              0000000180007470 f   libargon2:blake2b.obj
 0001:00006590       blake2b                    0000000180007590 f   libargon2:blake2b.obj
 0001:00006690       blake2b_long               0000000180007690 f   libargon2:blake2b.obj
 0001:000075b0       fill_segment               00000001800085b0 f   libargon2:opt.obj
 0001:000078ff       __imp_load_uv_queue_work   00000001800088ff f   node:node.exe
 0001:0000790b       __tailMerge_node_exe       000000018000890b f i node:node.exe
 0001:00007984       __imp_load_?Global@Context@v8@@QEAA?AV?$Local@VObject@v8@@@2@XZ 0000000180008984 f   node:node.exe
 0001:00007990       __imp_load_?Value@External@v8@@QEBAPEAXXZ 0000000180008990 f   node:node.exe
 0001:0000799c       __imp_load_?New@External@v8@@SA?AV?$Local@VExternal@v8@@@2@PEAVIsolate@2@PEAX@Z 000000018000899c f   node:node.exe
 0001:000079a8       __imp_load_?NewFromUnsigned@Integer@v8@@SA?AV?$Local@VInteger@v8@@@2@PEAVIsolate@2@I@Z 00000001800089a8 f   node:node.exe
 0001:000079b4       __imp_load_?GetCurrentContext@Isolate@v8@@QEAA?AV?$Local@VContext@v8@@@2@XZ 00000001800089b4 f   node:node.exe
 0001:000079c0       __imp_load_?GetCurrent@Isolate@v8@@SAPEAV12@XZ 00000001800089c0 f   node:node.exe
 0001:000079cc       __imp_load_?CreateHandle@HandleScope@v8@@KAPEAPEAVObject@internal@2@PEAVIsolate@42@PEAV342@@Z 00000001800089cc f   node:node.exe
 0001:000079d8       __imp_load_?CreateHandle@HandleScope@v8@@CAPEAPEAVObject@internal@2@PEAVHeapObject@42@PEAV342@@Z 00000001800089d8 f   node:node.exe
 0001:000079e4       __imp_load_??1HandleScope@v8@@QEAA@XZ 00000001800089e4 f   node:node.exe
 0001:000079f0       __imp_load_??0HandleScope@v8@@QEAA@PEAVIsolate@1@@Z 00000001800089f0 f   node:node.exe
 0001:000079fc       __imp_load_?Error@Exception@v8@@SA?AV?$Local@VValue@v8@@@2@V?$Local@VString@v8@@@2@@Z 00000001800089fc f   node:node.exe
 0001:00007a08       __imp_load_?GetFunction@FunctionTemplate@v8@@QEAA?AV?$MaybeLocal@VFunction@v8@@@2@V?$Local@VContext@v8@@@2@@Z 0000000180008a08 f   node:node.exe
 0001:00007a14       __imp_load_?New@FunctionTemplate@v8@@SA?AV?$Local@VFunctionTemplate@v8@@@2@PEAVIsolate@2@P6AXAEBV?$FunctionCallbackInfo@VValue@v8@@@2@@ZV?$Local@VValue@v8@@@2@V?$Local@VSignature@v8@@@2@HW4ConstructorBehavior@2@@Z 0000000180008a14 f   node:node.exe
 0001:00007a20       __imp_load_?ToLocalEmpty@V8@v8@@CAXXZ 0000000180008a20 f   node:node.exe
 0001:00007a2c       __imp_load_?FromJustIsNothing@V8@v8@@CAXXZ 0000000180008a2c f   node:node.exe
 0001:00007a38       __imp_load_?DisposeGlobal@V8@v8@@CAXPEAPEAVObject@internal@2@@Z 0000000180008a38 f   node:node.exe
 0001:00007a44       __imp_load_?GlobalizeReference@V8@v8@@CAPEAPEAVObject@internal@2@PEAVIsolate@42@PEAPEAV342@@Z 0000000180008a44 f   node:node.exe
 0001:00007a50       __imp_load_?Uint32Value@Value@v8@@QEBA?AV?$Maybe@I@2@V?$Local@VContext@v8@@@2@@Z 0000000180008a50 f   node:node.exe
 0001:00007a5c       __imp_load_?ToUint32@Value@v8@@QEBA?AV?$MaybeLocal@VUint32@v8@@@2@V?$Local@VContext@v8@@@2@@Z 0000000180008a5c f   node:node.exe
 0001:00007a68       __imp_load_?ToObject@Value@v8@@QEBA?AV?$MaybeLocal@VObject@v8@@@2@V?$Local@VContext@v8@@@2@@Z 0000000180008a68 f   node:node.exe
 0001:00007a74       __imp_load_?IsFunction@Value@v8@@QEBA_NXZ 0000000180008a74 f   node:node.exe
 0001:00007a80       __imp_load_?Escape@EscapableHandleScope@v8@@AEAAPEAPEAVObject@internal@2@PEAPEAV342@@Z 0000000180008a80 f   node:node.exe
 0001:00007a8c       __imp_load_??0EscapableHandleScope@v8@@QEAA@PEAVIsolate@1@@Z 0000000180008a8c f   node:node.exe
 0001:00007a98       __imp_load_?NewFromUtf8@String@v8@@SA?AV?$MaybeLocal@VString@v8@@@2@PEAVIsolate@2@PEBDW4NewStringType@2@H@Z 0000000180008a98 f   node:node.exe
 0001:00007aa4       __imp_load_?New@Number@v8@@SA?AV?$Local@VNumber@v8@@@2@PEAVIsolate@2@N@Z 0000000180008aa4 f   node:node.exe
 0001:00007ab0       __imp_load_?SlowGetInternalField@Object@v8@@AEAA?AV?$Local@VValue@v8@@@2@H@Z 0000000180008ab0 f   node:node.exe
 0001:00007abc       __imp_load_?New@Object@v8@@SA?AV?$Local@VObject@v8@@@2@PEAVIsolate@2@@Z 0000000180008abc f   node:node.exe
 0001:00007ac8       __imp_load_?SetInternalField@Object@v8@@QEAAXHV?$Local@VValue@v8@@@2@@Z 0000000180008ac8 f   node:node.exe
 0001:00007ad4       __imp_load_?Get@Object@v8@@QEAA?AV?$MaybeLocal@VValue@v8@@@2@V?$Local@VContext@v8@@@2@V?$Local@VValue@v8@@@2@@Z 0000000180008ad4 f   node:node.exe
 0001:00007ae0       __imp_load_?Set@Object@v8@@QEAA?AV?$Maybe@_N@2@V?$Local@VContext@v8@@@2@V?$Local@VValue@v8@@@2@1@Z 0000000180008ae0 f   node:node.exe
 0001:00007aec       __imp_load_?SetInternalFieldCount@ObjectTemplate@v8@@QEAAXH@Z 0000000180008aec f   node:node.exe
 0001:00007af8       __imp_load_?NewInstance@ObjectTemplate@v8@@QEAA?AV?$MaybeLocal@VObject@v8@@@2@V?$Local@VContext@v8@@@2@@Z 0000000180008af8 f   node:node.exe
 0001:00007b04       __imp_load_?New@ObjectTemplate@v8@@SA?AV?$Local@VObjectTemplate@v8@@@2@PEAVIsolate@2@V?$Local@VFunctionTemplate@v8@@@2@@Z 0000000180008b04 f   node:node.exe
 0001:00007b10       __imp_load_node_module_register 0000000180008b10 f   node:node.exe
 0001:00007b1c       __imp_load_?Data@Buffer@node@@YAPEADV?$Local@VObject@v8@@@v8@@@Z 0000000180008b1c f   node:node.exe
 0001:00007b28       __imp_load_?Copy@Buffer@node@@YA?AV?$MaybeLocal@VObject@v8@@@v8@@PEAVIsolate@4@PEBD_K@Z 0000000180008b28 f   node:node.exe
 0001:00007b34       __imp_load_?Length@Buffer@node@@YA_KV?$Local@VObject@v8@@@v8@@@Z 0000000180008b34 f   node:node.exe
 0001:00007b40       __imp_load_?MakeCallback@node@@YA?AV?$Local@VValue@v8@@@v8@@PEAVIsolate@3@V?$Local@VObject@v8@@@3@V?$Local@VFunction@v8@@@3@HPEAV23@@Z 0000000180008b40 f   node:node.exe
 0001:00007b4c       __imp_load_?GetCurrentEventLoop@node@@YAPEAUuv_loop_s@@PEAVIsolate@v8@@@Z 0000000180008b4c f   node:node.exe
 0001:00007b58       ??0bad_alloc@std@@QEAA@AEBV01@@Z 0000000180008b58 f i libcpmt:xthrow.obj
 0001:00007b98       ??0bad_alloc@std@@QEAA@XZ  0000000180008b98 f i libcpmt:xthrow.obj
 0001:00007bb8       ??0exception@std@@QEAA@AEBV01@@Z 0000000180008bb8 f i libcpmt:xthrow.obj
 0001:00007bf0       ??0length_error@std@@QEAA@AEBV01@@Z 0000000180008bf0 f i libcpmt:xthrow.obj
 0001:00007c30       ??0length_error@std@@QEAA@PEBD@Z 0000000180008c30 f i libcpmt:xthrow.obj
 0001:00007c7c       ??0logic_error@std@@QEAA@AEBV01@@Z 0000000180008c7c f i libcpmt:xthrow.obj
 0001:00007cbc       ??0out_of_range@std@@QEAA@AEBV01@@Z 0000000180008cbc f i libcpmt:xthrow.obj
 0001:00007cfc       ??0out_of_range@std@@QEAA@PEBD@Z 0000000180008cfc f i libcpmt:xthrow.obj
 0001:00007d48       ??1length_error@std@@UEAA@XZ 0000000180008d48 f i libcpmt:xthrow.obj
 0001:00007d48       ??1out_of_range@std@@UEAA@XZ 0000000180008d48 f i libcpmt:xthrow.obj
 0001:00007d48       ??1bad_alloc@std@@UEAA@XZ  0000000180008d48 f i libcpmt:xthrow.obj
 0001:00007d48       ??1bad_array_new_length@std@@UEAA@XZ 0000000180008d48 f i LIBCMT:throw_bad_alloc.obj
 0001:00007d5c       ??_Glogic_error@std@@UEAAPEAXI@Z 0000000180008d5c f i libcpmt:xthrow.obj
 0001:00007d5c       ??_Eexception@std@@UEAAPEAXI@Z 0000000180008d5c f i libcpmt:xthrow.obj
 0001:00007d5c       ??_Ebad_alloc@std@@UEAAPEAXI@Z 0000000180008d5c f i libcpmt:xthrow.obj
 0001:00007d5c       ??_Eout_of_range@std@@UEAAPEAXI@Z 0000000180008d5c f i libcpmt:xthrow.obj
 0001:00007d5c       ??_Glength_error@std@@UEAAPEAXI@Z 0000000180008d5c f i libcpmt:xthrow.obj
 0001:00007d5c       ??_Elength_error@std@@UEAAPEAXI@Z 0000000180008d5c f i libcpmt:xthrow.obj
 0001:00007d5c       ??_Elogic_error@std@@UEAAPEAXI@Z 0000000180008d5c f i libcpmt:xthrow.obj
 0001:00007d5c       ??_Gexception@std@@UEAAPEAXI@Z 0000000180008d5c f i libcpmt:xthrow.obj
 0001:00007d5c       ??_Gbad_alloc@std@@UEAAPEAXI@Z 0000000180008d5c f i libcpmt:xthrow.obj
 0001:00007d5c       ??_Gbad_array_new_length@std@@UEAAPEAXI@Z 0000000180008d5c f i LIBCMT:throw_bad_alloc.obj
 0001:00007d5c       ??_Gout_of_range@std@@UEAAPEAXI@Z 0000000180008d5c f i libcpmt:xthrow.obj
 0001:00007d5c       ??_Ebad_array_new_length@std@@UEAAPEAXI@Z 0000000180008d5c f i LIBCMT:throw_bad_alloc.obj
 0001:00007da0       ?_Xbad_alloc@std@@YAXXZ    0000000180008da0 f   libcpmt:xthrow.obj
 0001:00007da0       ?__scrt_throw_std_bad_alloc@@YAXXZ 0000000180008da0 f   LIBCMT:throw_bad_alloc.obj
 0001:00007dc0       ?_Xlength_error@std@@YAXPEBD@Z 0000000180008dc0 f   libcpmt:xthrow.obj
 0001:00007de4       ?_Xout_of_range@std@@YAXPEBD@Z 0000000180008de4 f   libcpmt:xthrow.obj
 0001:00007e08       ?what@exception@std@@UEBAPEBDXZ 0000000180008e08 f i libcpmt:xthrow.obj
 0001:00007e30       __security_check_cookie    0000000180008e30 f   LIBCMT:_amdsecgs_.obj
 0001:00007e54       ??_V@YAXPEAX@Z             0000000180008e54 f   LIBCMT:delete_array.obj
 0001:00007e54       ??3@YAXPEAX_K@Z            0000000180008e54 f   LIBCMT:delete_scalar_size.obj
 0001:00007e5c       ??2@YAPEAX_K@Z             0000000180008e5c f   LIBCMT:new_scalar.obj
 0001:00007e98       ??3@YAXPEAX@Z              0000000180008e98 f   LIBCMT:delete_scalar.obj
 0001:00007ea0       ??_U@YAPEAX_K@Z            0000000180008ea0 f   LIBCMT:new_array.obj
 0001:000081f4       _DllMainCRTStartup         00000001800091f4 f   LIBCMT:dll_dllmain.obj
 0001:00008234       ??_Etype_info@@UEAAPEAXI@Z 0000000180009234 f i LIBCMT:std_type_info_static.obj
 0001:00008234       ??_Gtype_info@@UEAAPEAXI@Z 0000000180009234 f i LIBCMT:std_type_info_static.obj
 0001:00008260       __raise_securityfailure    0000000180009260 f   LIBCMT:gs_report.obj
 0001:00008294       __report_gsfailure         0000000180009294 f   LIBCMT:gs_report.obj
 0001:00008368       __report_rangecheckfailure 0000000180009368 f   LIBCMT:gs_report.obj
 0001:0000837c       __report_securityfailure   000000018000937c f   LIBCMT:gs_report.obj
 0001:000084fc       ??0bad_array_new_length@std@@QEAA@AEBV01@@Z 00000001800094fc f i LIBCMT:throw_bad_alloc.obj
 0001:0000853c       ??0bad_array_new_length@std@@QEAA@XZ 000000018000953c f i LIBCMT:throw_bad_alloc.obj
 0001:0000855c       ?__scrt_throw_std_bad_array_new_length@@YAXXZ 000000018000955c f   LIBCMT:throw_bad_alloc.obj
 0001:0000857c       __scrt_acquire_startup_lock 000000018000957c f   LIBCMT:utility.obj
 0001:000085b8       __scrt_dllmain_after_initialize_c 00000001800095b8 f   LIBCMT:utility.obj
 0001:000085ec       __scrt_dllmain_before_initialize_c 00000001800095ec f   LIBCMT:utility.obj
 0001:00008604       __scrt_dllmain_crt_thread_attach 0000000180009604 f   LIBCMT:utility.obj
 0001:0000862c       __scrt_dllmain_crt_thread_detach 000000018000962c f   LIBCMT:utility.obj
 0001:00008644       __scrt_dllmain_exception_filter 0000000180009644 f   LIBCMT:utility.obj
 0001:000086a8       __scrt_dllmain_uninitialize_c 00000001800096a8 f   LIBCMT:utility.obj
 0001:000086d8       __scrt_dllmain_uninitialize_critical 00000001800096d8 f   LIBCMT:utility.obj
 0001:000086ec       __scrt_initialize_crt      00000001800096ec f   LIBCMT:utility.obj
 0001:00008738       __scrt_initialize_onexit_tables 0000000180009738 f   LIBCMT:utility.obj
 0001:00008804       __scrt_is_nonwritable_in_current_image 0000000180009804 f   LIBCMT:utility.obj
 0001:000088a0       __scrt_release_startup_lock 00000001800098a0 f   LIBCMT:utility.obj
 0001:000088c4       __scrt_uninitialize_crt    00000001800098c4 f   LIBCMT:utility.obj
 0001:000088f0       _onexit                    00000001800098f0 f   LIBCMT:utility.obj
 0001:00008940       atexit                     0000000180009940 f   LIBCMT:utility.obj
 0001:00008958       __security_init_cookie     0000000180009958 f   LIBCMT:gs_support.obj
 0001:00008a04       ?__scrt_initialize_type_info@@YAXXZ 0000000180009a04 f   LIBCMT:tncleanup.obj
 0001:00008a14       ?__scrt_uninitialize_type_info@@YAXXZ 0000000180009a14 f   LIBCMT:tncleanup.obj
 0001:00008a20       __local_stdio_scanf_options 0000000180009a20 f i LIBCMT:default_local_stdio_options.obj
 0001:00008a28       __scrt_initialize_default_local_stdio_options 0000000180009a28 f   LIBCMT:default_local_stdio_options.obj
 0001:00008a44       __scrt_get_dyn_tls_init_callback 0000000180009a44 f   LIBCMT:dyn_tls_init.obj
 0001:00008a4c       __crt_debugger_hook        0000000180009a4c f   LIBCMT:utility_desktop.obj
 0001:00008a54       __scrt_fastfail            0000000180009a54 f   LIBCMT:utility_desktop.obj
 0001:00008b9c       _RTC_Initialize            0000000180009b9c f   LIBCMT:_initsect_.obj
 0001:00008be8       _RTC_Terminate             0000000180009be8 f   LIBCMT:_initsect_.obj
 0001:00008c34       _guard_check_icall         0000000180009c34 f i LIBCMT:checkcfg.obj
 0001:00008c3c       __isa_available_init       0000000180009c3c f   LIBCMT:_cpu_disp_.obj
 0001:00008e04       _get_startup_argv_mode     0000000180009e04 f   LIBCMT:argv_mode.obj
 0001:00008e04       DllMain                    0000000180009e04 f   LIBCMT:dll_dllmain_stub.obj
 0001:00008e0c       __scrt_is_ucrt_dll_in_use  0000000180009e0c f   LIBCMT:ucrt_detection.obj
 0001:00008e30       memmove                    0000000180009e30 f   libvcruntime:memcpy.obj
 0001:00008e30       memcpy                     0000000180009e30 f   libvcruntime:memcpy.obj
 0001:00009268       _purecall                  000000018000a268 f   libvcruntime:purevirt.obj
 0001:000092a4       __std_exception_copy       000000018000a2a4 f   libvcruntime:std_exception.obj
 0001:00009334       __std_exception_destroy    000000018000a334 f   libvcruntime:std_exception.obj
 0001:0000935c       _CxxThrowException         000000018000a35c f   libvcruntime:throw.obj
 0001:00009434       __C_specific_handler       000000018000a434 f   libvcruntime:_chandler_.obj
 0001:00009630       __vcrt_initialize          000000018000a630 f   libvcruntime:initialization.obj
 0001:00009664       __vcrt_thread_attach       000000018000a664 f   libvcruntime:initialization.obj
 0001:00009678       __vcrt_thread_detach       000000018000a678 f   libvcruntime:initialization.obj
 0001:0000968c       __vcrt_uninitialize        000000018000a68c f   libvcruntime:initialization.obj
 0001:000096ac       __vcrt_uninitialize_critical 000000018000a6ac f   libvcruntime:initialization.obj
 0001:000096bc       __std_type_info_destroy_list 000000018000a6bc f   libvcruntime:std_type_info.obj
 0001:00009700       memset                     000000018000a700 f   libvcruntime:memset.obj
 0001:000098a0       __vcrt_initialize_pure_virtual_call_handler 000000018000a8a0 f   libvcruntime:purevirt_data.obj
 0001:000098e0       _local_unwind              000000018000a8e0 f   libvcruntime:_jmpuwind_.obj
 0001:00009910       _NLG_Notify                000000018000a910 f   libvcruntime:_jmpuwind_.obj
 0001:00009930       __NLG_Dispatch2            000000018000a930 f   libvcruntime:_jmpuwind_.obj
 0001:00009940       __NLG_Return2              000000018000a940 f   libvcruntime:_jmpuwind_.obj
 0001:00009944       _guard_check_icall_nop     000000018000a944 f   LIBCMT:guard_support.obj
 0001:00009944       __except_validate_context_record 000000018000a944 f   libvcruntime:jbcxrval.obj
 0001:00009948       __vcrt_freefls             000000018000a948 f   libvcruntime:per_thread_data.obj
 0001:00009968       __vcrt_freeptd             000000018000a968 f   libvcruntime:per_thread_data.obj
 0001:000099b8       __vcrt_getptd_noexit       000000018000a9b8 f   libvcruntime:per_thread_data.obj
 0001:00009a70       __vcrt_initialize_ptd      000000018000aa70 f   libvcruntime:per_thread_data.obj
 0001:00009ab0       __vcrt_uninitialize_ptd    000000018000aab0 f   libvcruntime:per_thread_data.obj
 0001:00009ad4       __vcrt_initialize_locks    000000018000aad4 f   libvcruntime:locks.obj
 0001:00009b1c       __vcrt_uninitialize_locks  000000018000ab1c f   libvcruntime:locks.obj
 0001:00009d1c       __vcrt_FlsAlloc            000000018000ad1c f   libvcruntime:winapi_downlevel.obj
 0001:00009d70       __vcrt_FlsFree             000000018000ad70 f   libvcruntime:winapi_downlevel.obj
 0001:00009dc4       __vcrt_FlsGetValue         000000018000adc4 f   libvcruntime:winapi_downlevel.obj
 0001:00009e18       __vcrt_FlsSetValue         000000018000ae18 f   libvcruntime:winapi_downlevel.obj
 0001:00009e80       __vcrt_InitializeCriticalSectionEx 000000018000ae80 f   libvcruntime:winapi_downlevel.obj
 0001:00009ef8       __vcrt_initialize_winapi_thunks 000000018000aef8 f   libvcruntime:winapi_downlevel.obj
 0001:00009f44       __vcrt_uninitialize_winapi_thunks 000000018000af44 f   libvcruntime:winapi_downlevel.obj
 0001:00009f84       __acrt_call_reportfault    000000018000af84 f   libucrt:invalid_parameter.obj
 0001:0000a0e0       __acrt_initialize_invalid_parameter_handler 000000018000b0e0 f   libucrt:invalid_parameter.obj
 0001:0000a0e8       _invalid_parameter         000000018000b0e8 f   libucrt:invalid_parameter.obj
 0001:0000a190       _invalid_parameter_noinfo  000000018000b190 f   libucrt:invalid_parameter.obj
 0001:0000a1b0       _invalid_parameter_noinfo_noreturn 000000018000b1b0 f   libucrt:invalid_parameter.obj
 0001:0000a1e0       _invoke_watson             000000018000b1e0 f   libucrt:invalid_parameter.obj
 0001:0000a228       ??0_LocaleUpdate@@QEAA@QEAU__crt_locale_pointers@@@Z 000000018000b228 f i libucrt:stricmp.obj
 0001:0000a2b8       __ascii_stricmp            000000018000b2b8 f   libucrt:stricmp.obj
 0001:0000a2f4       _stricmp                   000000018000b2f4 f   libucrt:stricmp.obj
 0001:0000a33c       _stricmp_l                 000000018000b33c f   libucrt:stricmp.obj
 0001:0000a3f0       free                       000000018000b3f0 f   libucrt:free.obj
 0001:0000a3f8       malloc                     000000018000b3f8 f   libucrt:malloc.obj
 0001:0000a400       calloc                     000000018000b400 f   libucrt:calloc.obj
 0001:0000a420       strncmp                    000000018000b420 f   libucrt:strncmp.obj
 0001:0000a4a0       ??$ensure_buffer_is_big_enough@D@formatting_buffer@__crt_stdio_output@@QEAA_N_K@Z 000000018000b4a0 f i libucrt:output.obj
 0001:0000a54c       ??$is_wide_character_specifier@D@__crt_stdio_output@@YA_N_KDW4length_modifier@0@@Z 000000018000b54c f i libucrt:output.obj
 0001:0000a57c       ??$type_case_integer_parse_into_buffer@I@?$output_processor@DV?$string_output_adapter@D@__crt_stdio_output@@V?$standard_base@DV?$string_output_adapter@D@__crt_stdio_output@@@2@@__crt_stdio_output@@AEAAXII_N@Z 000000018000b57c f i libucrt:output.obj
 0001:0000a618       ??$type_case_integer_parse_into_buffer@_K@?$output_processor@DV?$string_output_adapter@D@__crt_stdio_output@@V?$standard_base@DV?$string_output_adapter@D@__crt_stdio_output@@@2@@__crt_stdio_output@@AEAAX_KI_N@Z 000000018000b618 f i libucrt:output.obj
 0001:0000a6b4       ??$write_multiple_characters@V?$string_output_adapter@D@__crt_stdio_output@@D@__crt_stdio_output@@YAXAEBV?$string_output_adapter@D@0@DHQEAH@Z 000000018000b6b4 f i libucrt:output.obj
 0001:0000a710       ??0?$output_processor@DV?$string_output_adapter@D@__crt_stdio_output@@V?$standard_base@DV?$string_output_adapter@D@__crt_stdio_output@@@2@@__crt_stdio_output@@QEAA@AEBV?$string_output_adapter@D@1@_KQEBDQEAU__crt_locale_pointers@@QEAD@Z 000000018000b710 f i libucrt:output.obj
 0001:0000a78c       ?force_decimal_point@__crt_stdio_output@@YAXPEADQEAU__crt_locale_pointers@@@Z 000000018000b78c f i libucrt:output.obj
 0001:0000a7fc       ?parse_int_from_format_string@?$output_processor@DV?$string_output_adapter@D@__crt_stdio_output@@V?$standard_base@DV?$string_output_adapter@D@__crt_stdio_output@@@2@@__crt_stdio_output@@AEAA_NQEAH@Z 000000018000b7fc f i libucrt:output.obj
 0001:0000a880       ?process@?$output_processor@DV?$string_output_adapter@D@__crt_stdio_output@@V?$standard_base@DV?$string_output_adapter@D@__crt_stdio_output@@@2@@__crt_stdio_output@@QEAAHXZ 000000018000b880 f i libucrt:output.obj
 0001:0000aa84       ?state_case_normal@?$output_processor@DV?$string_output_adapter@D@__crt_stdio_output@@V?$standard_base@DV?$string_output_adapter@D@__crt_stdio_output@@@2@@__crt_stdio_output@@AEAA_NXZ 000000018000ba84 f i libucrt:output.obj
 0001:0000aaf8       ?state_case_normal_tchar@?$output_processor@DV?$string_output_adapter@D@__crt_stdio_output@@V?$standard_base@DV?$string_output_adapter@D@__crt_stdio_output@@@2@@__crt_stdio_output@@AEAA_ND@Z 000000018000baf8 f i libucrt:output.obj
 0001:0000ab90       ?state_case_size@?$output_processor@DV?$string_output_adapter@D@__crt_stdio_output@@V?$standard_base@DV?$string_output_adapter@D@__crt_stdio_output@@@2@@__crt_stdio_output@@AEAA_NXZ 000000018000bb90 f i libucrt:output.obj
 0001:0000ad0c       ?state_case_type@?$output_processor@DV?$string_output_adapter@D@__crt_stdio_output@@V?$standard_base@DV?$string_output_adapter@D@__crt_stdio_output@@@2@@__crt_stdio_output@@AEAA_NXZ 000000018000bd0c f i libucrt:output.obj
 0001:0000af88       ?type_case_Z@?$output_processor@DV?$string_output_adapter@D@__crt_stdio_output@@V?$standard_base@DV?$string_output_adapter@D@__crt_stdio_output@@@2@@__crt_stdio_output@@AEAA_NXZ 000000018000bf88 f i libucrt:output.obj
 0001:0000b008       ?type_case_a@?$output_processor@DV?$string_output_adapter@D@__crt_stdio_output@@V?$standard_base@DV?$string_output_adapter@D@__crt_stdio_output@@@2@@__crt_stdio_output@@AEAA_NXZ 000000018000c008 f i libucrt:output.obj
 0001:0000b224       ?type_case_c_tchar@?$output_processor@DV?$string_output_adapter@D@__crt_stdio_output@@V?$standard_base@DV?$string_output_adapter@D@__crt_stdio_output@@@2@@__crt_stdio_output@@AEAA_ND@Z 000000018000c224 f i libucrt:output.obj
 0001:0000b2d8       ?type_case_integer@?$output_processor@DV?$string_output_adapter@D@__crt_stdio_output@@V?$standard_base@DV?$string_output_adapter@D@__crt_stdio_output@@@2@@__crt_stdio_output@@AEAA_NI_N@Z 000000018000c2d8 f i libucrt:output.obj
 0001:0000b478       ?type_case_n@?$output_processor@DV?$string_output_adapter@D@__crt_stdio_output@@V?$standard_base@DV?$string_output_adapter@D@__crt_stdio_output@@@2@@__crt_stdio_output@@AEAA_NXZ 000000018000c478 f i libucrt:output.obj
 0001:0000b554       ?type_case_s@?$output_processor@DV?$string_output_adapter@D@__crt_stdio_output@@V?$standard_base@DV?$string_output_adapter@D@__crt_stdio_output@@@2@@__crt_stdio_output@@AEAA_NXZ 000000018000c554 f i libucrt:output.obj
 0001:0000b5e4       ?write_stored_string_tchar@?$output_processor@DV?$string_output_adapter@D@__crt_stdio_output@@V?$standard_base@DV?$string_output_adapter@D@__crt_stdio_output@@@2@@__crt_stdio_output@@AEAA_ND@Z 000000018000c5e4 f i libucrt:output.obj
 0001:0000b6bc       ?write_string@?$string_output_adapter@D@__crt_stdio_output@@QEBAXQEBDHQEAH1@Z 000000018000c6bc f i libucrt:output.obj
 0001:0000b778       __stdio_common_vsprintf    000000018000c778 f   libucrt:output.obj
 0001:0000baf8       _beginthreadex             000000018000caf8 f   libucrt:thread.obj
 0001:0000bbcc       _endthreadex               000000018000cbcc f   libucrt:thread.obj
 0001:0000bbd8       __acrt_initialize_new_handler 000000018000cbd8 f   libucrt:new_handler.obj
 0001:0000bbe0       _callnewh                  000000018000cbe0 f   libucrt:new_handler.obj
 0001:0000bc20       _query_new_handler         000000018000cc20 f   libucrt:new_handler.obj
 0001:0000bc54       _initterm                  000000018000cc54 f   libucrt:initterm.obj
 0001:0000bccc       _initterm_e                000000018000cccc f   libucrt:initterm.obj
 0001:0000bd18       _seh_filter_dll            000000018000cd18 f   libucrt:exception_filter.obj
 0001:0000bd2c       _seh_filter_exe            000000018000cd2c f   libucrt:exception_filter.obj
 0001:0000c0ec       __acrt_initialize_thread_local_exit_callback 000000018000d0ec f   libucrt:exit.obj
 0001:0000c0f4       _cexit                     000000018000d0f4 f   libucrt:exit.obj
 0001:0000c104       _exit                      000000018000d104 f   libucrt:exit.obj
 0001:0000c110       _is_c_termination_complete 000000018000d110 f   libucrt:exit.obj
 0001:0000c2d4       __acrt_allocate_buffer_for_argv 000000018000d2d4 f   libucrt:argv_parsing.obj
 0001:0000c338       _configure_narrow_argv     000000018000d338 f   libucrt:argv_parsing.obj
 0001:0000c694       __dcrt_uninitialize_environments_nolock 000000018000d694 f   libucrt:environment_initialization.obj
 0001:0000c6cc       _initialize_narrow_environment 000000018000d6cc f   libucrt:environment_initialization.obj
 0001:0000c6d4       ??$?RV<lambda_b8c45f8f788dd370798f47cfe8ac3a86>@@AEAV<lambda_4e60a939b0d047cfe11ddc22648dfba9>@@V<lambda_332c3edc96d0294ec56c57d38c1cdfd5>@@@?$__crt_seh_guarded_call@H@@QEAAH$$QEAV<lambda_b8c45f8f788dd370798f47cfe8ac3a86>@@AEAV<lambda_4e60a939b0d047cfe11ddc22648dfba9>@@$$QEAV<lambda_332c3edc96d0294ec56c57d38c1cdfd5>@@@Z 000000018000d6d4 f i libucrt:onexit.obj
 0001:0000c710       ??$?RV<lambda_e24bbb7b643b32fcea6fa61b31d4c984>@@AEAV<lambda_275893d493268fdec8709772e3fcec0e>@@V<lambda_9d71df4d7cf3f480f8d633942495c3b0>@@@?$__crt_seh_guarded_call@H@@QEAAH$$QEAV<lambda_e24bbb7b643b32fcea6fa61b31d4c984>@@AEAV<lambda_275893d493268fdec8709772e3fcec0e>@@$$QEAV<lambda_9d71df4d7cf3f480f8d633942495c3b0>@@@Z 000000018000d710 f i libucrt:onexit.obj
 0001:0000ca8c       _crt_atexit                000000018000da8c f   libucrt:onexit.obj
 0001:0000ca9c       _execute_onexit_table      000000018000da9c f   libucrt:onexit.obj
 0001:0000cad8       _initialize_onexit_table   000000018000dad8 f   libucrt:onexit.obj
 0001:0000cb18       _register_onexit_function  000000018000db18 f   libucrt:onexit.obj
 0001:0000cc94       __acrt_initialize          000000018000dc94 f   libucrt:initialization.obj
 0001:0000cca8       __acrt_thread_attach       000000018000dca8 f   libucrt:initialization.obj
 0001:0000ccbc       __acrt_thread_detach       000000018000dcbc f   libucrt:initialization.obj
 0001:0000cccc       __acrt_uninitialize        000000018000dccc f   libucrt:initialization.obj
 0001:0000cce0       __acrt_uninitialize_critical 000000018000dce0 f   libucrt:initialization.obj
 0001:0000ccf0       terminate                  000000018000dcf0 f   libucrt:terminate.obj
 0001:0000cd18       abort                      000000018000dd18 f   libucrt:abort.obj
 0001:0000cd70       strcpy_s                   000000018000dd70 f   libucrt:strcpy_s.obj
 0001:0000cdd0       _free_base                 000000018000ddd0 f   libucrt:free_base.obj
 0001:0000ce10       _malloc_base               000000018000de10 f   libucrt:malloc_base.obj
 0001:0000ce70       _calloc_base               000000018000de70 f   libucrt:calloc_base.obj
 0001:0000cee8       ??$is_overflow_condition@K@__crt_strtox@@YA_NIK@Z 000000018000dee8 f i libucrt:atox.obj
 0001:0000cf14       ??$parse_integer@KV?$c_string_character_source@D@__crt_strtox@@@__crt_strtox@@YAKQEAU__crt_locale_pointers@@V?$c_string_character_source@D@0@H_N@Z 000000018000df14 f i libucrt:atox.obj
 0001:0000d228       ??$?RV<lambda_46352004c1216016012b18bd6f87e700>@@AEAV<lambda_3bd07e1a1191394380780325891bf33f>@@V<lambda_334532d3f185bcaa59b5be82d7d22bff>@@@?$__crt_seh_guarded_call@X@@QEAAX$$QEAV<lambda_46352004c1216016012b18bd6f87e700>@@AEAV<lambda_3bd07e1a1191394380780325891bf33f>@@$$QEAV<lambda_334532d3f185bcaa59b5be82d7d22bff>@@@Z 000000018000e228 f i libucrt:per_thread_data.obj
 0001:0000d288       ??$?RV<lambda_5e887d1dcbef67a5eb4283622ba103bf>@@AEAV<lambda_4466841279450cc726390878d4a41900>@@V<lambda_341c25c0346d94847f1f3c463c57e077>@@@?$__crt_seh_guarded_call@X@@QEAAX$$QEAV<lambda_5e887d1dcbef67a5eb4283622ba103bf>@@AEAV<lambda_4466841279450cc726390878d4a41900>@@$$QEAV<lambda_341c25c0346d94847f1f3c463c57e077>@@@Z 000000018000e288 f i libucrt:per_thread_data.obj
 0001:0000d2d0       ??$?RV<lambda_72d1df2b273a38828b1ce30cbf4cdab5>@@AEAV<lambda_876a65b173b8412d3a47c70a915b0cf4>@@V<lambda_41932305e351933ebe8f8be3ed8bb5dc>@@@?$__crt_seh_guarded_call@X@@QEAAX$$QEAV<lambda_72d1df2b273a38828b1ce30cbf4cdab5>@@AEAV<lambda_876a65b173b8412d3a47c70a915b0cf4>@@$$QEAV<lambda_41932305e351933ebe8f8be3ed8bb5dc>@@@Z 000000018000e2d0 f i libucrt:per_thread_data.obj
 0001:0000d310       ??$?RV<lambda_fb3a7dec4e47f37f22dae91bb15c9095>@@AEAV<lambda_698284760c8add0bfb0756c19673e34b>@@V<lambda_dfb8eca1e75fef3034a8fb18dd509707>@@@?$__crt_seh_guarded_call@X@@QEAAX$$QEAV<lambda_fb3a7dec4e47f37f22dae91bb15c9095>@@AEAV<lambda_698284760c8add0bfb0756c19673e34b>@@$$QEAV<lambda_dfb8eca1e75fef3034a8fb18dd509707>@@@Z 000000018000e310 f i libucrt:per_thread_data.obj
 0001:0000d5a0       __acrt_freeptd             000000018000e5a0 f   libucrt:per_thread_data.obj
 0001:0000d5e4       __acrt_getptd              000000018000e5e4 f   libucrt:per_thread_data.obj
 0001:0000d678       __acrt_getptd_noexit       000000018000e678 f   libucrt:per_thread_data.obj
 0001:0000d718       __acrt_initialize_ptd      000000018000e718 f   libucrt:per_thread_data.obj
 0001:0000d754       __acrt_uninitialize_ptd    000000018000e754 f   libucrt:per_thread_data.obj
 0001:0000d778       __acrt_errno_from_os_error 000000018000e778 f   libucrt:errno.obj
 0001:0000d7c0       __acrt_errno_map_os_error  000000018000e7c0 f   libucrt:errno.obj
 0001:0000d810       __doserrno                 000000018000e810 f   libucrt:errno.obj
 0001:0000d830       _errno                     000000018000e830 f   libucrt:errno.obj
 0001:0000d8a0       _tolower_l                 000000018000e8a0 f   libucrt:tolower_toupper.obj
 0001:0000d9e0       tolower                    000000018000e9e0 f   libucrt:tolower_toupper.obj
 0001:0000da0c       __acrt_update_locale_info  000000018000ea0c f   libucrt:locale_update.obj
 0001:0000da40       __acrt_update_multibyte_info 000000018000ea40 f   libucrt:locale_update.obj
 0001:0000da74       __acrt_set_locale_changed  000000018000ea74 f   libucrt:wsetlocale.obj
 0001:0000da80       __acrt_uninitialize_locale 000000018000ea80 f   libucrt:wsetlocale.obj
 0001:0000dac8       isdigit                    000000018000eac8 f i libucrt:_ctype.obj
 0001:0000db3c       ??$make_c_string_character_source@DPEAPEAD@__crt_strtox@@YA?AV?$c_string_character_source@D@0@QEBDQEAPEAD@Z 000000018000eb3c f i libucrt:strtox.obj
 0001:0000db50       strtol                     000000018000eb50 f   libucrt:strtox.obj
 0001:0000db80       _mbtowc_l                  000000018000eb80 f   libucrt:mbtowc.obj
 0001:0000dcc8       mbtowc                     000000018000ecc8 f   libucrt:mbtowc.obj
 0001:0000dcd0       _wctomb_s_l                000000018000ecd0 f   libucrt:wctomb.obj
 0001:0000de54       wctomb_s                   000000018000ee54 f   libucrt:wctomb.obj
 0001:0000de68       strnlen                    000000018000ee68 f   libucrt:strnlen.obj
 0001:0000dfc4       wcsnlen                    000000018000efc4 f   libucrt:strnlen.obj
 0001:0000e1b4       ?__acrt_fp_classify@@YA?AW4__acrt_fp_class@@AEBN@Z 000000018000f1b4 f i libucrt:cvt.obj
 0001:0000ebec       __acrt_fp_format           000000018000fbec f   libucrt:cvt.obj
 0001:0000ee30       _fileno                    000000018000fe30 f   libucrt:fileno.obj
 0001:0000ee58       __acrt_initialize_stdio    000000018000fe58 f   libucrt:_file.obj
 0001:0000ef78       __acrt_uninitialize_stdio  000000018000ff78 f   libucrt:_file.obj
 0001:0000efd4       _lock_file                 000000018000ffd4 f   libucrt:_file.obj
 0001:0000efe0       _unlock_file               000000018000ffe0 f   libucrt:_file.obj
 0001:0000efec       _get_printf_count_output   000000018000ffec f   libucrt:printf_count_output.obj
 0001:0000f1ec       __acrt_initialize_lowio    00000001800101ec f   libucrt:ioinit.obj
 0001:0000f228       __acrt_uninitialize_lowio  0000000180010228 f   libucrt:ioinit.obj
 0001:0000f408       __acrt_FlsAlloc            0000000180010408 f   libucrt:winapi_thunks.obj
 0001:0000f460       __acrt_FlsFree             0000000180010460 f   libucrt:winapi_thunks.obj
 0001:0000f4b8       __acrt_FlsGetValue         00000001800104b8 f   libucrt:winapi_thunks.obj
 0001:0000f510       __acrt_FlsSetValue         0000000180010510 f   libucrt:winapi_thunks.obj
 0001:0000f578       __acrt_InitializeCriticalSectionEx 0000000180010578 f   libucrt:winapi_thunks.obj
 0001:0000f5f0       __acrt_LCMapStringEx       00000001800105f0 f   libucrt:winapi_thunks.obj
 0001:0000f6e0       __acrt_LocaleNameToLCID    00000001800106e0 f   libucrt:winapi_thunks.obj
 0001:0000f748       __acrt_RoInitialize        0000000180010748 f   libucrt:winapi_thunks.obj
 0001:0000f794       __acrt_RoUninitialize      0000000180010794 f   libucrt:winapi_thunks.obj
 0001:0000f7d4       __acrt_initialize_winapi_thunks 00000001800107d4 f   libucrt:winapi_thunks.obj
 0001:0000f80c       __acrt_is_packaged_app     000000018001080c f   libucrt:winapi_thunks.obj
 0001:0000f894       __acrt_uninitialize_winapi_thunks 0000000180010894 f   libucrt:winapi_thunks.obj
 0001:0000f8d8       __acrt_initialize_locks    00000001800108d8 f   libucrt:locks.obj
 0001:0000f920       __acrt_lock                0000000180010920 f   libucrt:locks.obj
 0001:0000f93c       __acrt_uninitialize_locks  000000018001093c f   libucrt:locks.obj
 0001:0000f974       __acrt_unlock              0000000180010974 f   libucrt:locks.obj
 0001:0000fe6c       ?expand_if_necessary@?$argument_list@D@?A0xca0879c4@@AEAAHXZ 0000000180010e6c f i libucrt:argv_wildcards.obj
 0001:0000ff34       __acrt_expand_narrow_argv_wildcards 0000000180010f34 f   libucrt:argv_wildcards.obj
 0001:0000ff3c       ??$?RV<lambda_99476a1ad63dd22509b5d3e65b0ffc95>@@AEAV<lambda_ad1ced32f4ac17aa236e5ef05d6b3b7c>@@V<lambda_f7424dd8d45958661754dc4f2697e9c3>@@@?$__crt_seh_guarded_call@X@@QEAAX$$QEAV<lambda_99476a1ad63dd22509b5d3e65b0ffc95>@@AEAV<lambda_ad1ced32f4ac17aa236e5ef05d6b3b7c>@@$$QEAV<lambda_f7424dd8d45958661754dc4f2697e9c3>@@@Z 0000000180010f3c f i libucrt:mbctype.obj
 0001:00010638       __acrt_initialize_multibyte 0000000180011638 f   libucrt:mbctype.obj
 0001:00010660       __acrt_update_thread_multibyte_data 0000000180011660 f   libucrt:mbctype.obj
 0001:00010720       _setmbcp_nolock            0000000180011720 f   libucrt:mbctype.obj
 0001:00010a40       _ismbblead                 0000000180011a40 f   libucrt:ismbbyte.obj
 0001:00010a54       __acrt_initialize_command_line 0000000180011a54 f   libucrt:argv_data.obj
 0001:00010a7c       __acrt_uninitialize_command_line 0000000180011a7c f   libucrt:argv_data.obj
 0001:00010a80       __dcrt_get_narrow_environment_from_os 0000000180011a80 f   libucrt:get_environment_from_os.obj
 0001:00010b84       _recalloc                  0000000180011b84 f   libucrt:recalloc.obj
 0001:00010b8c       _recalloc_base             0000000180011b8c f   libucrt:recalloc.obj
 0001:00010c24       __acrt_initialize_heap     0000000180011c24 f   libucrt:heap_handle.obj
 0001:00010c40       __acrt_uninitialize_heap   0000000180011c40 f   libucrt:heap_handle.obj
 0001:00010c4c       __acrt_execute_initializers 0000000180011c4c f   libucrt:shared_initialization.obj
 0001:00010ce0       __acrt_execute_uninitializers 0000000180011ce0 f   libucrt:shared_initialization.obj
 0001:00010d30       ??$?RV<lambda_c36588078e9f5dfd39652860aa6b3aaf>@@AEAV<lambda_ec61778202f4f5fc7e7711acc23c3bca>@@V<lambda_dc9d2797ccde5d239b4a0efae8ebd7db>@@@?$__crt_seh_guarded_call@P6AXH@Z@@QEAAP6AXH@Z$$QEAV<lambda_c36588078e9f5dfd39652860aa6b3aaf>@@AEAV<lambda_ec61778202f4f5fc7e7711acc23c3bca>@@$$QEAV<lambda_dc9d2797ccde5d239b4a0efae8ebd7db>@@@Z 0000000180011d30 f i libucrt:signal.obj
 0001:00010d78       __acrt_get_sigabrt_handler 0000000180011d78 f   libucrt:signal.obj
 0001:00010da8       __acrt_initialize_signal_handlers 0000000180011da8 f   libucrt:signal.obj
 0001:00010dc8       raise                      0000000180011dc8 f   libucrt:signal.obj
 0001:00011064       __acrt_has_user_matherr    0000000180012064 f   libucrt:matherr.obj
 0001:00011084       __acrt_initialize_user_matherr 0000000180012084 f   libucrt:matherr.obj
 0001:0001108c       __acrt_invoke_user_matherr 000000018001208c f   libucrt:matherr.obj
 0001:000110d4       _query_new_mode            00000001800120d4 f   libucrt:new_mode.obj
 0001:000110dc       __pctype_func              00000001800120dc f   libucrt:ctype.obj
 0001:0001110c       _isctype_l                 000000018001210c f   libucrt:isctype.obj
 0001:0001121c       __acrt_add_locale_ref      000000018001221c f   libucrt:locale_refcounting.obj
 0001:000112a8       __acrt_free_locale         00000001800122a8 f   libucrt:locale_refcounting.obj
 0001:00011420       __acrt_locale_add_lc_time_reference 0000000180012420 f   libucrt:locale_refcounting.obj
 0001:00011448       __acrt_locale_free_lc_time_if_unreferenced 0000000180012448 f   libucrt:locale_refcounting.obj
 0001:00011480       __acrt_locale_release_lc_time_reference 0000000180012480 f   libucrt:locale_refcounting.obj
 0001:000114a8       __acrt_release_locale_ref  00000001800124a8 f   libucrt:locale_refcounting.obj
 0001:00011550       __acrt_update_thread_locale_data 0000000180012550 f   libucrt:locale_refcounting.obj
 0001:000115c0       _updatetlocinfoEx_nolock   00000001800125c0 f   libucrt:locale_refcounting.obj
 0001:00011628       _isleadbyte_l              0000000180012628 f i libucrt:_wctype.obj
 0001:000119c4       __acrt_LCMapStringA        00000001800129c4 f   libucrt:lcmapstringa.obj
 0001:00011a5c       __acrt_locale_free_monetary 0000000180012a5c f   libucrt:initmon.obj
 0001:00011b68       __acrt_locale_free_numeric 0000000180012b68 f   libucrt:initnum.obj
 0001:00011c2c       __acrt_locale_free_time    0000000180012c2c f   libucrt:inittime.obj
 0001:00011d34       __acrt_GetStringTypeA      0000000180012d34 f   libucrt:getstringtypea.obj
 0001:00011ee8       __acrt_fp_strflt_to_string 0000000180012ee8 f   libucrt:_fptostr.obj
 0001:00011fb0       ?divide@__crt_strtox@@YA_KAEAUbig_integer@1@AEBU21@@Z 0000000180012fb0 f i libucrt:cfout.obj
 0001:00012480       __acrt_fltout              0000000180013480 f   libucrt:cfout.obj
 0001:00013874       _fcloseall                 0000000180014874 f   libucrt:closeall.obj
 0001:00013928       __acrt_stdio_flush_nolock  0000000180014928 f   libucrt:fflush.obj
 0001:000139a0       _fflush_nolock             00000001800149a0 f   libucrt:fflush.obj
 0001:000139ec       _flushall                  00000001800149ec f   libucrt:fflush.obj
 0001:00013adc       __acrt_stdio_free_buffer_nolock 0000000180014adc f   libucrt:_freebuf.obj
 0001:00013b1c       _isatty                    0000000180014b1c f   libucrt:isatty.obj
 0001:00013b7c       __acrt_lowio_create_handle_array 0000000180014b7c f   libucrt:osfinfo.obj
 0001:00013c14       __acrt_lowio_destroy_handle_array 0000000180014c14 f   libucrt:osfinfo.obj
 0001:00013c64       __acrt_lowio_ensure_fh_exists 0000000180014c64 f   libucrt:osfinfo.obj
 0001:00013d1c       __acrt_lowio_lock_fh       0000000180014d1c f   libucrt:osfinfo.obj
 0001:00013d40       __acrt_lowio_unlock_fh     0000000180014d40 f   libucrt:osfinfo.obj
 0001:00013d64       _free_osfhnd               0000000180014d64 f   libucrt:osfinfo.obj
 0001:00013e20       _get_osfhandle             0000000180014e20 f   libucrt:osfinfo.obj
 0001:00013f60       __acrt_DownlevelLocaleNameToLCID 0000000180014f60 f   libucrt:lcidtoname_downlevel.obj
 0001:00014070       qsort                      0000000180015070 f   libucrt:qsort.obj
 0001:000143a4       strncpy_s                  00000001800153a4 f   libucrt:strncpy_s.obj
 0001:00014478       strpbrk                    0000000180015478 f   libucrt:strpbrk.obj
 0001:00014518       _mbsdec                    0000000180015518 f   libucrt:mbsdec.obj
 0001:00014520       _mbsdec_l                  0000000180015520 f   libucrt:mbsdec.obj
 0001:000145d0       _msize                     00000001800155d0 f   libucrt:msize.obj
 0001:0001460c       _realloc_base              000000018001560c f   libucrt:realloc_base.obj
 0001:00014690       __strncnt                  0000000180015690 f   libucrt:strncnt.obj
 0001:000146a8       fegetenv                   00000001800156a8 f   libucrt:fegetenv.obj
 0001:000146c8       fesetenv                   00000001800156c8 f   libucrt:fesetenv.obj
 0001:00014714       feholdexcept               0000000180015714 f   libucrt:feholdexcept.obj
 0001:00014764       ceil                       0000000180015764 f   libucrt:ceil.obj
 0001:00014830       log10                      0000000180015830 f   libucrt:log10.obj
 0001:0001537c       _write                     000000018001637c f   libucrt:write.obj
 0001:00015468       _write_nolock              0000000180016468 f   libucrt:write.obj
 0001:000157e8       _lseeki64_nolock           00000001800167e8 f   libucrt:lseek.obj
 0001:000157f0       _fclose_nolock             00000001800167f0 f   libucrt:fclose.obj
 0001:00015874       fclose                     0000000180016874 f   libucrt:fclose.obj
 0001:000158e0       ??$?RV<lambda_b521505b218e5242e90febf6bfebc422>@@AEAV<lambda_6978c1fb23f02e42e1d9e99668cc68aa>@@V<lambda_314360699dd331753a4119843814e9a7>@@@?$__crt_seh_guarded_call@H@@QEAAH$$QEAV<lambda_b521505b218e5242e90febf6bfebc422>@@AEAV<lambda_6978c1fb23f02e42e1d9e99668cc68aa>@@$$QEAV<lambda_314360699dd331753a4119843814e9a7>@@@Z 00000001800168e0 f i libucrt:commit.obj
 0001:0001596c       _commit                    000000018001696c f   libucrt:commit.obj
 0001:00015a00       _query_app_type            0000000180016a00 f   libucrt:report_runtime_error.obj
 0001:00015a08       _getfpcontrolword          0000000180016a08 f   libucrt:_fenvutils.obj
 0001:00015a20       _getfpstatusword           0000000180016a20 f   libucrt:_fenvutils.obj
 0001:00015a34       _setfpcontrolword          0000000180016a34 f   libucrt:_fenvutils.obj
 0001:00015a40       _setfpstatusword           0000000180016a40 f   libucrt:_fenvutils.obj
 0001:00015a90       _clearfp                   0000000180016a90 f   libucrt:ieee.obj
 0001:00015ae4       _controlfp                 0000000180016ae4 f   libucrt:ieee.obj
 0001:00015af0       _statusfp                  0000000180016af0 f   libucrt:ieee.obj
 0001:00015ef4       _handle_error              0000000180016ef4 f   libucrt:libm_error.obj
 0001:0001601c       _handle_nan                000000018001701c f   libucrt:libm_error.obj
 0001:00016040       __acrt_initialize_fma3     0000000180017040 f   libucrt:fma3_available.obj
 0001:000160b0       _log10_special             00000001800170b0 f   libucrt:log_special.obj
 0001:00016168       _putwch_nolock             0000000180017168 f   libucrt:putwch.obj
 0001:000161c4       ??$?RV<lambda_bfedae4ebbf01fab1bb6dcc6a9e276e0>@@AEAV<lambda_2fe9b910cf3cbf4a0ab98a02ba45b3ec>@@V<lambda_237c231691f317818eb88cc1d5d642d6>@@@?$__crt_seh_guarded_call@H@@QEAAH$$QEAV<lambda_bfedae4ebbf01fab1bb6dcc6a9e276e0>@@AEAV<lambda_2fe9b910cf3cbf4a0ab98a02ba45b3ec>@@$$QEAV<lambda_237c231691f317818eb88cc1d5d642d6>@@@Z 00000001800171c4 f i libucrt:close.obj
 0001:00016238       _close                     0000000180017238 f   libucrt:close.obj
 0001:000162dc       _close_nolock              00000001800172dc f   libucrt:close.obj
 0001:00016398       ?__acrt_stdio_free_stream@@YAXV__crt_stdio_stream@@@Z 0000000180017398 f   libucrt:stream.obj
 0001:000163f0       _get_fpsr                  00000001800173f0 f   libucrt:fpsr.obj
 0001:00016400       _set_fpsr                  0000000180017400 f   libucrt:fpsr.obj
 0001:0001640a       _fclrf                     000000018001740a f   libucrt:fpsr.obj
 0001:0001641e       _frnd                      000000018001741e f   libucrt:fpsr.obj
 0001:00016440       _raise_exc                 0000000180017440 f   libucrt:fpexcept.obj
 0001:00016468       _raise_exc_ex              0000000180017468 f   libucrt:fpexcept.obj
 0001:00016770       _set_errno_from_matherr    0000000180017770 f   libucrt:fpexcept.obj
 0001:000167a0       _clrfp                     00000001800177a0 f   libucrt:fpctrl.obj
 0001:000167c0       _ctrlfp                    00000001800177c0 f   libucrt:fpctrl.obj
 0001:0001683c       _set_statfp                000000018001783c f   libucrt:fpctrl.obj
 0001:0001685c       _statfp                    000000018001785c f   libucrt:fpctrl.obj
 0001:00016870       __dcrt_lowio_initialize_console_output 0000000180017870 f   libucrt:initcon.obj
 0001:000168ac       __dcrt_terminate_console_output 00000001800178ac f   libucrt:initcon.obj
 0001:000168cc       IsProcessorFeaturePresent  00000001800178cc f   kernel32:KERNEL32.dll
 0001:000168d2       RtlUnwindEx                00000001800178d2 f   kernel32:KERNEL32.dll
 0001:000168d8       ?DloadAcquireSectionWriteAccess@@YAXXZ 00000001800178d8 f i DelayImp:delayhlp.obj
 0001:00016994       ?DloadGetSRWLockFunctionPointers@@YAEXZ 0000000180017994 f i DelayImp:delayhlp.obj
 0001:00016a30       ?DloadMakePermanentImageCommit@@YAXPEAX_K@Z 0000000180017a30 f i DelayImp:delayhlp.obj
 0001:00016ac8       ?DloadObtainSection@@YAPEAXPEAK0@Z 0000000180017ac8 f i DelayImp:delayhlp.obj
 0001:00016b60       ?DloadProtectSection@@YAXKPEAK@Z 0000000180017b60 f i DelayImp:delayhlp.obj
 0001:00016bf0       ?DloadReleaseSectionWriteAccess@@YAXXZ 0000000180017bf0 f i DelayImp:delayhlp.obj
 0001:00016c94       __delayLoadHelper2         0000000180017c94 f   DelayImp:delayhlp.obj
 0001:00016f90       _FindPESection             0000000180017f90 f   LIBCMT:pesect.obj
 0001:00016fe0       _IsNonwritableInCurrentImage 0000000180017fe0 f   LIBCMT:pesect.obj
 0001:00017030       _ValidateImageBase         0000000180018030 f   LIBCMT:pesect.obj
 0001:00017060       __GSHandlerCheck           0000000180018060 f   LIBCMT:_gshandler_.obj
 0001:00017080       __GSHandlerCheckCommon     0000000180018080 f   LIBCMT:_gshandler_.obj
 0001:000170f0       _alloca_probe              00000001800180f0 f   LIBCMT:_chkstk_.obj
 0001:000170f0       __chkstk                   00000001800180f0 f   LIBCMT:_chkstk_.obj
 0001:00017160       memcmp                     0000000180018160 f   libvcruntime:memcmp.obj
 0001:00017228       strrchr                    0000000180018228 f   libvcruntime:strrchr.obj
 0001:00017380       _guard_dispatch_icall_nop  0000000180018380 f   LIBCMT:_guard_dispatch_.obj
 0002:00000000       __imp_GetModuleHandleA     0000000180019000     kernel32:KERNEL32.dll
 0002:00000008       __imp_WaitForSingleObject  0000000180019008     kernel32:KERNEL32.dll
 0002:00000010       __imp_CloseHandle          0000000180019010     kernel32:KERNEL32.dll
 0002:00000018       __imp_RtlCaptureContext    0000000180019018     kernel32:KERNEL32.dll
 0002:00000020       __imp_RtlLookupFunctionEntry 0000000180019020     kernel32:KERNEL32.dll
 0002:00000028       __imp_RtlVirtualUnwind     0000000180019028     kernel32:KERNEL32.dll
 0002:00000030       __imp_UnhandledExceptionFilter 0000000180019030     kernel32:KERNEL32.dll
 0002:00000038       __imp_SetUnhandledExceptionFilter 0000000180019038     kernel32:KERNEL32.dll
 0002:00000040       __imp_GetCurrentProcess    0000000180019040     kernel32:KERNEL32.dll
 0002:00000048       __imp_TerminateProcess     0000000180019048     kernel32:KERNEL32.dll
 0002:00000050       __imp_IsProcessorFeaturePresent 0000000180019050     kernel32:KERNEL32.dll
 0002:00000058       __imp_QueryPerformanceCounter 0000000180019058     kernel32:KERNEL32.dll
 0002:00000060       __imp_GetCurrentProcessId  0000000180019060     kernel32:KERNEL32.dll
 0002:00000068       __imp_GetCurrentThreadId   0000000180019068     kernel32:KERNEL32.dll
 0002:00000070       __imp_GetSystemTimeAsFileTime 0000000180019070     kernel32:KERNEL32.dll
 0002:00000078       __imp_InitializeSListHead  0000000180019078     kernel32:KERNEL32.dll
 0002:00000080       __imp_IsDebuggerPresent    0000000180019080     kernel32:KERNEL32.dll
 0002:00000088       __imp_GetStartupInfoW      0000000180019088     kernel32:KERNEL32.dll
 0002:00000090       __imp_GetModuleHandleW     0000000180019090     kernel32:KERNEL32.dll
 0002:00000098       __imp_RtlPcToFileHeader    0000000180019098     kernel32:KERNEL32.dll
 0002:000000a0       __imp_RaiseException       00000001800190a0     kernel32:KERNEL32.dll
 0002:000000a8       __imp_RtlUnwindEx          00000001800190a8     kernel32:KERNEL32.dll
 0002:000000b0       __imp_InterlockedFlushSList 00000001800190b0     kernel32:KERNEL32.dll
 0002:000000b8       __imp_GetLastError         00000001800190b8     kernel32:KERNEL32.dll
 0002:000000c0       __imp_SetLastError         00000001800190c0     kernel32:KERNEL32.dll
 0002:000000c8       __imp_EnterCriticalSection 00000001800190c8     kernel32:KERNEL32.dll
 0002:000000d0       __imp_LeaveCriticalSection 00000001800190d0     kernel32:KERNEL32.dll
 0002:000000d8       __imp_DeleteCriticalSection 00000001800190d8     kernel32:KERNEL32.dll
 0002:000000e0       __imp_InitializeCriticalSectionAndSpinCount 00000001800190e0     kernel32:KERNEL32.dll
 0002:000000e8       __imp_TlsAlloc             00000001800190e8     kernel32:KERNEL32.dll
 0002:000000f0       __imp_TlsGetValue          00000001800190f0     kernel32:KERNEL32.dll
 0002:000000f8       __imp_TlsSetValue          00000001800190f8     kernel32:KERNEL32.dll
 0002:00000100       __imp_TlsFree              0000000180019100     kernel32:KERNEL32.dll
 0002:00000108       __imp_FreeLibrary          0000000180019108     kernel32:KERNEL32.dll
 0002:00000110       __imp_GetProcAddress       0000000180019110     kernel32:KERNEL32.dll
 0002:00000118       __imp_LoadLibraryExW       0000000180019118     kernel32:KERNEL32.dll
 0002:00000120       __imp_CreateThread         0000000180019120     kernel32:KERNEL32.dll
 0002:00000128       __imp_ExitThread           0000000180019128     kernel32:KERNEL32.dll
 0002:00000130       __imp_FreeLibraryAndExitThread 0000000180019130     kernel32:KERNEL32.dll
 0002:00000138       __imp_GetModuleHandleExW   0000000180019138     kernel32:KERNEL32.dll
 0002:00000140       __imp_ExitProcess          0000000180019140     kernel32:KERNEL32.dll
 0002:00000148       __imp_GetModuleFileNameA   0000000180019148     kernel32:KERNEL32.dll
 0002:00000150       __imp_MultiByteToWideChar  0000000180019150     kernel32:KERNEL32.dll
 0002:00000158       __imp_WideCharToMultiByte  0000000180019158     kernel32:KERNEL32.dll
 0002:00000160       __imp_HeapFree             0000000180019160     kernel32:KERNEL32.dll
 0002:00000168       __imp_HeapAlloc            0000000180019168     kernel32:KERNEL32.dll
 0002:00000170       __imp_GetACP               0000000180019170     kernel32:KERNEL32.dll
 0002:00000178       __imp_GetStdHandle         0000000180019178     kernel32:KERNEL32.dll
 0002:00000180       __imp_GetFileType          0000000180019180     kernel32:KERNEL32.dll
 0002:00000188       __imp_LCMapStringW         0000000180019188     kernel32:KERNEL32.dll
 0002:00000190       __imp_FindClose            0000000180019190     kernel32:KERNEL32.dll
 0002:00000198       __imp_FindFirstFileExA     0000000180019198     kernel32:KERNEL32.dll
 0002:000001a0       __imp_FindNextFileA        00000001800191a0     kernel32:KERNEL32.dll
 0002:000001a8       __imp_IsValidCodePage      00000001800191a8     kernel32:KERNEL32.dll
 0002:000001b0       __imp_GetOEMCP             00000001800191b0     kernel32:KERNEL32.dll
 0002:000001b8       __imp_GetCPInfo            00000001800191b8     kernel32:KERNEL32.dll
 0002:000001c0       __imp_GetCommandLineA      00000001800191c0     kernel32:KERNEL32.dll
 0002:000001c8       __imp_GetCommandLineW      00000001800191c8     kernel32:KERNEL32.dll
 0002:000001d0       __imp_GetEnvironmentStringsW 00000001800191d0     kernel32:KERNEL32.dll
 0002:000001d8       __imp_FreeEnvironmentStringsW 00000001800191d8     kernel32:KERNEL32.dll
 0002:000001e0       __imp_GetProcessHeap       00000001800191e0     kernel32:KERNEL32.dll
 0002:000001e8       __imp_GetStringTypeW       00000001800191e8     kernel32:KERNEL32.dll
 0002:000001f0       __imp_SetStdHandle         00000001800191f0     kernel32:KERNEL32.dll
 0002:000001f8       __imp_HeapSize             00000001800191f8     kernel32:KERNEL32.dll
 0002:00000200       __imp_HeapReAlloc          0000000180019200     kernel32:KERNEL32.dll
 0002:00000208       __imp_WriteFile            0000000180019208     kernel32:KERNEL32.dll
 0002:00000210       __imp_GetConsoleCP         0000000180019210     kernel32:KERNEL32.dll
 0002:00000218       __imp_GetConsoleMode       0000000180019218     kernel32:KERNEL32.dll
 0002:00000220       __imp_SetFilePointerEx     0000000180019220     kernel32:KERNEL32.dll
 0002:00000228       __imp_FlushFileBuffers     0000000180019228     kernel32:KERNEL32.dll
 0002:00000230       __imp_WriteConsoleW        0000000180019230     kernel32:KERNEL32.dll
 0002:00000238       __imp_CreateFileW          0000000180019238     kernel32:KERNEL32.dll
 0002:00000240       __imp_GetSystemInfo        0000000180019240     kernel32:KERNEL32.dll
 0002:00000248       __imp_VirtualProtect       0000000180019248     kernel32:KERNEL32.dll
 0002:00000250       __imp_VirtualQuery         0000000180019250     kernel32:KERNEL32.dll
 0002:00000258       __imp_LoadLibraryExA       0000000180019258     kernel32:KERNEL32.dll
 0002:00000260       \177KERNEL32_NULL_THUNK_DATA 0000000180019260     kernel32:KERNEL32.dll
 0002:00000268       __guard_check_icall_fptr   0000000180019268     LIBCMT:guard_support.obj
 0002:00000270       __guard_dispatch_icall_fptr 0000000180019270     LIBCMT:guard_support.obj
 0002:00000278       __xc_a                     0000000180019278     LIBCMT:initializers.obj
 0002:00000280       _register_argon2_lib_      0000000180019280     argon2_node.obj
 0002:00000288       __xc_z                     0000000180019288     LIBCMT:initializers.obj
 0002:00000290       __xi_a                     0000000180019290     LIBCMT:initializers.obj
 0002:00000298       __acrt_stdio_initializer   0000000180019298     libucrt:stdio_initializer.obj
 0002:000002a0       __acrt_multibyte_initializer 00000001800192a0     libucrt:multibyte_initializer.obj
 0002:000002a8       __acrt_tran_fma3_initializer 00000001800192a8     libucrt:fma3_initializer.obj
 0002:000002b0       __xi_z                     00000001800192b0     LIBCMT:initializers.obj
 0002:000002b8       __xp_a                     00000001800192b8     LIBCMT:initializers.obj
 0002:000002c0       __acrt_locale_terminator   00000001800192c0     libucrt:locale_initializer.obj
 0002:000002c8       __dcrt_console_output_terminator 00000001800192c8     libucrt:console_output_initializer.obj
 0002:000002d0       __acrt_stdio_terminator    00000001800192d0     libucrt:stdio_initializer.obj
 0002:000002d8       __xp_z                     00000001800192d8     LIBCMT:initializers.obj
 0002:000002e0       __xt_a                     00000001800192e0     LIBCMT:initializers.obj
 0002:000002e8       __xt_z                     00000001800192e8     LIBCMT:initializers.obj
 0002:000002f0       __sz_node_exe              00000001800192f0     node:node.exe
 0002:00000308       ??_7exception@std@@6B@     0000000180019308     libcpmt:xthrow.obj
 0002:00000318       ??_C@_0BC@EOODALEL@Unknown?5exception?$AA@ 0000000180019318     libcpmt:xthrow.obj
 0002:00000338       ??_7bad_alloc@std@@6B@     0000000180019338     libcpmt:xthrow.obj
 0002:00000348       ??_C@_0P@GHFPNOJB@bad?5allocation?$AA@ 0000000180019348     libcpmt:xthrow.obj
 0002:00000360       ??_7logic_error@std@@6B@   0000000180019360     libcpmt:xthrow.obj
 0002:00000378       ??_7length_error@std@@6B@  0000000180019378     libcpmt:xthrow.obj
 0002:00000390       ??_7out_of_range@std@@6B@  0000000180019390     libcpmt:xthrow.obj
 0002:000003a0       _pRawDllMain               00000001800193a0     LIBCMT:dll_dllmain.obj
 0002:000003a0       _pDefaultRawDllMain        00000001800193a0     LIBCMT:dll_dllmain.obj
 0002:000003b0       ??_7type_info@@6B@         00000001800193b0     LIBCMT:std_type_info_static.obj
 0002:000003d0       ??_7bad_array_new_length@std@@6B@ 00000001800193d0     LIBCMT:throw_bad_alloc.obj
 0002:000003e0       ??_C@_0BF@KINCDENJ@bad?5array?5new?5length?$AA@ 00000001800193e0     LIBCMT:throw_bad_alloc.obj
 0002:00000460       ??_C@_1BC@DNHGCMLG@?$AAa?$AAd?$AAv?$AAa?$AAp?$AAi?$AA3?$AA2?$AA?$AA@ 0000000180019460     libvcruntime:winapi_downlevel.obj
 0002:00000478       ??_C@_1DM@KHCHBNEB@?$AAa?$AAp?$AAi?$AA?9?$AAm?$AAs?$AA?9?$AAw?$AAi?$AAn?$AA?9?$AAc?$AAo?$AAr?$AAe?$AA?9?$AAf?$AAi?$AAb?$AAe?$AAr?$AAs?$AA?9?$AAl?$AA1?$AA?9?$AA1?$AA?9?$AA1?$AA?$AA@ 0000000180019478     libvcruntime:winapi_downlevel.obj
 0002:000004b8       ??_C@_1DK@LPPGFMPP@?$AAa?$AAp?$AAi?$AA?9?$AAm?$AAs?$AA?9?$AAw?$AAi?$AAn?$AA?9?$AAc?$AAo?$AAr?$AAe?$AA?9?$AAs?$AAy?$AAn?$AAc?$AAh?$AA?9?$AAl?$AA1?$AA?9?$AA2?$AA?9?$AA0?$AA?$AA@ 00000001800194b8     libvcruntime:winapi_downlevel.obj
 0002:000004f8       ??_C@_1BC@GDMECMAK@?$AAk?$AAe?$AAr?$AAn?$AAe?$AAl?$AA3?$AA2?$AA?$AA@ 00000001800194f8     libvcruntime:winapi_downlevel.obj
 0002:00000518       ??_C@_08KNHFBNJ@FlsAlloc?$AA@ 0000000180019518     libvcruntime:winapi_downlevel.obj
 0002:00000530       ??_C@_07PEJMOBNF@FlsFree?$AA@ 0000000180019530     libvcruntime:winapi_downlevel.obj
 0002:00000540       ??_C@_0M@GDNOONDI@FlsGetValue?$AA@ 0000000180019540     libvcruntime:winapi_downlevel.obj
 0002:00000558       ??_C@_0M@JCPCPOEF@FlsSetValue?$AA@ 0000000180019558     libvcruntime:winapi_downlevel.obj
 0002:00000570       ??_C@_0BM@HCFOFFN@InitializeCriticalSectionEx?$AA@ 0000000180019570     libvcruntime:winapi_downlevel.obj
 0002:000008b0       ??_C@_08EHJDFFNH@__based?$CI?$AA@ 00000001800198b0     libvcruntime:undname.obj
 0002:000008c0       ??_C@_07KOLFKCDI@__cdecl?$AA@ 00000001800198c0     libvcruntime:undname.obj
 0002:000008c8       ??_C@_08GHMPAG@__pascal?$AA@ 00000001800198c8     libvcruntime:undname.obj
 0002:000008d8       ??_C@_09IFJBGAPI@__stdcall?$AA@ 00000001800198d8     libvcruntime:undname.obj
 0002:000008e8       ??_C@_0L@NPHFGOKO@__thiscall?$AA@ 00000001800198e8     libvcruntime:undname.obj
 0002:000008f8       ??_C@_0L@JMKHOMEK@__fastcall?$AA@ 00000001800198f8     libvcruntime:undname.obj
 0002:00000908       ??_C@_0N@BCKKPABJ@__vectorcall?$AA@ 0000000180019908     libvcruntime:undname.obj
 0002:00000918       ??_C@_09HIJEGCPM@__clrcall?$AA@ 0000000180019918     libvcruntime:undname.obj
 0002:00000924       ??_C@_06GHPCKEAG@__eabi?$AA@ 0000000180019924     libvcruntime:undname.obj
 0002:00000930       ??_C@_07JOMMBBKO@__ptr64?$AA@ 0000000180019930     libvcruntime:undname.obj
 0002:00000938       ??_C@_0L@PILCLIHE@__restrict?$AA@ 0000000180019938     libvcruntime:undname.obj
 0002:00000948       ??_C@_0M@GFIIJFMG@__unaligned?$AA@ 0000000180019948     libvcruntime:undname.obj
 0002:00000958       ??_C@_09DHDLOLLB@restrict?$CI?$AA@ 0000000180019958     libvcruntime:undname.obj
 0002:00000962       ??_C@_00CNPNBAHC@?$AA@     0000000180019962     libvcruntime:undname.obj
 0002:00000964       ??_C@_04NIHEBCM@?5new?$AA@ 0000000180019964     libvcruntime:undname.obj
 0002:00000970       ??_C@_07FPCDHGMM@?5delete?$AA@ 0000000180019970     libvcruntime:undname.obj
 0002:00000978       ??_C@_01NEMOKFLO@?$DN?$AA@ 0000000180019978     libvcruntime:undname.obj
 0002:0000097c       ??_C@_02GPIOPFAK@?$DO?$DO?$AA@ 000000018001997c     libvcruntime:undname.obj
 0002:00000980       ??_C@_02FODMEDOG@?$DM?$DM?$AA@ 0000000180019980     libvcruntime:undname.obj
 0002:00000984       ??_C@_01DCLJPIOD@?$CB?$AA@ 0000000180019984     libvcruntime:undname.obj
 0002:00000988       ??_C@_02EGOFBIJA@?$DN?$DN?$AA@ 0000000180019988     libvcruntime:undname.obj
 0002:0000098c       ??_C@_02FDNJECIE@?$CB?$DN?$AA@ 000000018001998c     libvcruntime:undname.obj
 0002:00000990       ??_C@_02GPECMEKF@?$FL?$FN?$AA@ 0000000180019990     libvcruntime:undname.obj
 0002:00000998       ??_C@_08LHJFAFGD@operator?$AA@ 0000000180019998     libvcruntime:undname.obj
 0002:000009a4       ??_C@_02HBOOOICD@?9?$DO?$AA@ 00000001800199a4     libvcruntime:undname.obj
 0002:000009a8       ??_C@_01NBENCBCI@?$CK?$AA@ 00000001800199a8     libvcruntime:undname.obj
 0002:000009ac       ??_C@_02ECNGHCIF@?$CL?$CL?$AA@ 00000001800199ac     libvcruntime:undname.obj
 0002:000009b0       ??_C@_02BAABKJLB@?9?9?$AA@ 00000001800199b0     libvcruntime:undname.obj
 0002:000009b4       ??_C@_01JOAMLHOP@?9?$AA@   00000001800199b4     libvcruntime:undname.obj
 0002:000009b8       ??_C@_01MIFGBAGJ@?$CL?$AA@ 00000001800199b8     libvcruntime:undname.obj
 0002:000009bc       ??_C@_01HNPIGOCE@?$CG?$AA@ 00000001800199bc     libvcruntime:undname.obj
 0002:000009c0       ??_C@_03MNHNFDLC@?9?$DO?$CK?$AA@ 00000001800199c0     libvcruntime:undname.obj
 0002:000009c4       ??_C@_01KMDKNFGN@?1?$AA@   00000001800199c4     libvcruntime:undname.obj
 0002:000009c8       ??_C@_01FGNFDNOH@?$CF?$AA@ 00000001800199c8     libvcruntime:undname.obj
 0002:000009cc       ??_C@_01MNNFJEPP@?$DM?$AA@ 00000001800199cc     libvcruntime:undname.obj
 0002:000009d0       ??_C@_02EHCHHCKH@?$DM?$DN?$AA@ 00000001800199d0     libvcruntime:undname.obj
 0002:000009d4       ??_C@_01PPODPGHN@?$DO?$AA@ 00000001800199d4     libvcruntime:undname.obj
 0002:000009d8       ??_C@_02EEKDKGMJ@?$DO?$DN?$AA@ 00000001800199d8     libvcruntime:undname.obj
 0002:000009dc       ??_C@_01IHBHIGKO@?0?$AA@   00000001800199dc     libvcruntime:undname.obj
 0002:000009e0       ??_C@_02HCKGKOFO@?$CI?$CJ?$AA@ 00000001800199e0     libvcruntime:undname.obj
 0002:000009e4       ??_C@_01PJKLJHI@?$HO?$AA@  00000001800199e4     libvcruntime:undname.obj
 0002:000009e8       ??_C@_01JKBOJNNK@?$FO?$AA@ 00000001800199e8     libvcruntime:undname.obj
 0002:000009ec       ??_C@_01DNKMNLPK@?$HM?$AA@ 00000001800199ec     libvcruntime:undname.obj
 0002:000009f0       ??_C@_02PPKAJPJL@?$CG?$CG?$AA@ 00000001800199f0     libvcruntime:undname.obj
 0002:000009f4       ??_C@_02NONPIBCD@?$HM?$HM?$AA@ 00000001800199f4     libvcruntime:undname.obj
 0002:000009f8       ??_C@_02FPIMKNGF@?$CK?$DN?$AA@ 00000001800199f8     libvcruntime:undname.obj
 0002:000009fc       ??_C@_02FOEOMHFC@?$CL?$DN?$AA@ 00000001800199fc     libvcruntime:undname.obj
 0002:00000a00       ??_C@_02FKMDLLOA@?9?$DN?$AA@ 0000000180019a00     libvcruntime:undname.obj
 0002:00000a04       ??_C@_02FJEHGPIO@?1?$DN?$AA@ 0000000180019a04     libvcruntime:undname.obj
 0002:00000a08       ??_C@_02FENAOKFI@?$CF?$DN?$AA@ 0000000180019a08     libvcruntime:undname.obj
 0002:00000a0c       ??_C@_03IKFCCPFF@?$DO?$DO?$DN?$AA@ 0000000180019a0c     libvcruntime:undname.obj
 0002:00000a10       ??_C@_03CDNPDDLA@?$DM?$DM?$DN?$AA@ 0000000180019a10     libvcruntime:undname.obj
 0002:00000a14       ??_C@_02FGJGFEAB@?$CG?$DN?$AA@ 0000000180019a14     libvcruntime:undname.obj
 0002:00000a18       ??_C@_02DHLNPPGH@?$HM?$DN?$AA@ 0000000180019a18     libvcruntime:undname.obj
 0002:00000a1c       ??_C@_02MHEGNOJ@?$FO?$DN?$AA@ 0000000180019a1c     libvcruntime:undname.obj
 0002:00000a20       ??_C@_09IFPLHPGF@?$GAvftable?8?$AA@ 0000000180019a20     libvcruntime:undname.obj
 0002:00000a30       ??_C@_09BLBHBJP@?$GAvbtable?8?$AA@ 0000000180019a30     libvcruntime:undname.obj
 0002:00000a40       ??_C@_07FEEIOKP@?$GAvcall?8?$AA@ 0000000180019a40     libvcruntime:undname.obj
 0002:00000a48       ??_C@_08LLFFHHDJ@?$GAtypeof?8?$AA@ 0000000180019a48     libvcruntime:undname.obj
 0002:00000a58       ??_C@_0BF@KDPPACIK@?$GAlocal?5static?5guard?8?$AA@ 0000000180019a58     libvcruntime:undname.obj
 0002:00000a70       ??_C@_08OBABFOLI@?$GAstring?8?$AA@ 0000000180019a70     libvcruntime:undname.obj
 0002:00000a80       ??_C@_0BD@JDLKDPAB@?$GAvbase?5destructor?8?$AA@ 0000000180019a80     libvcruntime:undname.obj
 0002:00000a98       ??_C@_0BN@DEGPLNFK@?$GAvector?5deleting?5destructor?8?$AA@ 0000000180019a98     libvcruntime:undname.obj
 0002:00000ab8       ??_C@_0BO@OBMKPJIG@?$GAdefault?5constructor?5closure?8?$AA@ 0000000180019ab8     libvcruntime:undname.obj
 0002:00000ad8       ??_C@_0BN@IMDCHIKM@?$GAscalar?5deleting?5destructor?8?$AA@ 0000000180019ad8     libvcruntime:undname.obj
 0002:00000af8       ??_C@_0BO@PFGOCPJJ@?$GAvector?5constructor?5iterator?8?$AA@ 0000000180019af8     libvcruntime:undname.obj
 0002:00000b18       ??_C@_0BN@LFPFMEDL@?$GAvector?5destructor?5iterator?8?$AA@ 0000000180019b18     libvcruntime:undname.obj
 0002:00000b38       ??_C@_0CE@IKBNEHA@?$GAvector?5vbase?5constructor?5iterat@ 0000000180019b38     libvcruntime:undname.obj
 0002:00000b60       ??_C@_0BL@NILFHHPC@?$GAvirtual?5displacement?5map?8?$AA@ 0000000180019b60     libvcruntime:undname.obj
 0002:00000b80       ??_C@_0CB@JONCMFFK@?$GAeh?5vector?5constructor?5iterator?8@ 0000000180019b80     libvcruntime:undname.obj
 0002:00000ba8       ??_C@_0CA@GCEOPDGL@?$GAeh?5vector?5destructor?5iterator?8?$AA@ 0000000180019ba8     libvcruntime:undname.obj
 0002:00000bc8       ??_C@_0CH@OOJPLCPH@?$GAeh?5vector?5vbase?5constructor?5ite@ 0000000180019bc8     libvcruntime:undname.obj
 0002:00000bf0       ??_C@_0BL@LLKPOHJI@?$GAcopy?5constructor?5closure?8?$AA@ 0000000180019bf0     libvcruntime:undname.obj
 0002:00000c10       ??_C@_0BA@KBCDOMBN@?$GAudt?5returning?8?$AA@ 0000000180019c10     libvcruntime:undname.obj
 0002:00000c20       ??_C@_03KLGMFNMG@?$GAEH?$AA@ 0000000180019c20     libvcruntime:undname.obj
 0002:00000c24       ??_C@_05KHLCHHI@?$GARTTI?$AA@ 0000000180019c24     libvcruntime:undname.obj
 0002:00000c30       ??_C@_0BA@KKLDJDLB@?$GAlocal?5vftable?8?$AA@ 0000000180019c30     libvcruntime:undname.obj
 0002:00000c40       ??_C@_0CE@IIHCMGGL@?$GAlocal?5vftable?5constructor?5closu@ 0000000180019c40     libvcruntime:undname.obj
 0002:00000c64       ??_C@_06FHBGPFGH@?5new?$FL?$FN?$AA@ 0000000180019c64     libvcruntime:undname.obj
 0002:00000c70       ??_C@_09LBNFPBCA@?5delete?$FL?$FN?$AA@ 0000000180019c70     libvcruntime:undname.obj
 0002:00000c80       ??_C@_0P@HJKNJFNN@?$GAomni?5callsig?8?$AA@ 0000000180019c80     libvcruntime:undname.obj
 0002:00000c90       ??_C@_0BL@CNOONJFP@?$GAplacement?5delete?5closure?8?$AA@ 0000000180019c90     libvcruntime:undname.obj
 0002:00000cb0       ??_C@_0BN@CKNJLHMB@?$GAplacement?5delete?$FL?$FN?5closure?8?$AA@ 0000000180019cb0     libvcruntime:undname.obj
 0002:00000cd0       ??_C@_0CG@CFDHKGGD@?$GAmanaged?5vector?5constructor?5iter@ 0000000180019cd0     libvcruntime:undname.obj
 0002:00000cf8       ??_C@_0CF@IMGKMJNO@?$GAmanaged?5vector?5destructor?5itera@ 0000000180019cf8     libvcruntime:undname.obj
 0002:00000d20       ??_C@_0CG@HLDDJMAG@?$GAeh?5vector?5copy?5constructor?5iter@ 0000000180019d20     libvcruntime:undname.obj
 0002:00000d48       ??_C@_0CM@FCBBDIGB@?$GAeh?5vector?5vbase?5copy?5constructo@ 0000000180019d48     libvcruntime:undname.obj
 0002:00000d78       ??_C@_0BL@CLIPGLGB@?$GAdynamic?5initializer?5for?5?8?$AA@ 0000000180019d78     libvcruntime:undname.obj
 0002:00000d98       ??_C@_0CB@PDBIFEP@?$GAdynamic?5atexit?5destructor?5for?5?8@ 0000000180019d98     libvcruntime:undname.obj
 0002:00000dc0       ??_C@_0CD@CGAJBKEJ@?$GAvector?5copy?5constructor?5iterato@ 0000000180019dc0     libvcruntime:undname.obj
 0002:00000de8       ??_C@_0CJ@GJELGAMM@?$GAvector?5vbase?5copy?5constructor?5i@ 0000000180019de8     libvcruntime:undname.obj
 0002:00000e18       ??_C@_0CL@FGIJHLCE@?$GAmanaged?5vector?5copy?5constructor@ 0000000180019e18     libvcruntime:undname.obj
 0002:00000e48       ??_C@_0BM@PMGGMLDN@?$GAlocal?5static?5thread?5guard?8?$AA@ 0000000180019e48     libvcruntime:undname.obj
 0002:00000e68       ??_C@_0N@BDNMDMOL@operator?5?$CC?$CC?5?$AA@ 0000000180019e68     libvcruntime:undname.obj
 0002:00000e78       ??_C@_0BC@DAFEJGAK@?5Type?5Descriptor?8?$AA@ 0000000180019e78     libvcruntime:undname.obj
 0002:00000e90       ??_C@_0BM@LDKODKLH@?5Base?5Class?5Descriptor?5at?5?$CI?$AA@ 0000000180019e90     libvcruntime:undname.obj
 0002:00000eb0       ??_C@_0BD@LGICGFMM@?5Base?5Class?5Array?8?$AA@ 0000000180019eb0     libvcruntime:undname.obj
 0002:00000ec8       ??_C@_0BN@MECKDCOJ@?5Class?5Hierarchy?5Descriptor?8?$AA@ 0000000180019ec8     libvcruntime:undname.obj
 0002:00000ee8       ??_C@_0BK@CFCOFLF@?5Complete?5Object?5Locator?8?$AA@ 0000000180019ee8     libvcruntime:undname.obj
 0002:00000f10       standard_lookup_table      0000000180019f10     libucrt:output.obj
 0002:00000f6c       ??_C@_06OJHGLDPL@?$CInull?$CJ?$AA@ 0000000180019f6c     libucrt:output.obj
 0002:00000f78       ??_C@_1O@CEDCILHN@?$AA?$CI?$AAn?$AAu?$AAl?$AAl?$AA?$CJ?$AA?$AA@ 0000000180019f78     libucrt:output.obj
 0002:00000f90       __acrt_exception_action_table 0000000180019f90     libucrt:exception_filter.obj
 0002:00001050       __acrt_signal_action_table_count 000000018001a050     libucrt:exception_filter.obj
 0002:00001058       __acrt_signal_action_first_fpe_index 000000018001a058     libucrt:exception_filter.obj
 0002:00001060       __acrt_signal_action_fpe_count 000000018001a060     libucrt:exception_filter.obj
 0002:00001068       ??_C@_1BI@BGOHAHKC@?$AAm?$AAs?$AAc?$AAo?$AAr?$AAe?$AAe?$AA?4?$AAd?$AAl?$AAl?$AA?$AA@ 000000018001a068     libucrt:exit.obj
 0002:00001080       ??_C@_0P@MIGLKIOC@CorExitProcess?$AA@ 000000018001a080     libucrt:exit.obj
 0002:000012f0       __lc_time_c                000000018001a2f0     libucrt:nlsdata.obj
[...]
 0004:00000f78       $pdata$__acrt_get_sigabrt_handler 0000000180027f78     libucrt:signal.obj
 0004:00000f84       $pdata$raise               0000000180027f84     libucrt:signal.obj
 0004:00000f90       $pdata$__acrt_invoke_user_matherr 0000000180027f90     libucrt:matherr.obj
 0004:00000f9c       $pdata$__pctype_func       0000000180027f9c     libucrt:ctype.obj
 0004:00000fa8       $pdata$_isctype_l          0000000180027fa8     libucrt:isctype.obj
 0004:00000fb4       $pdata$__acrt_free_locale  0000000180027fb4     libucrt:locale_refcounting.obj
 0004:00000fc0       $pdata$__acrt_locale_free_lc_time_if_unreferenced 0000000180027fc0     libucrt:locale_refcounting.obj
 0004:00000fcc       $pdata$__acrt_release_locale_ref 0000000180027fcc     libucrt:locale_refcounting.obj
 0004:00000fd8       $pdata$__acrt_update_thread_locale_data 0000000180027fd8     libucrt:locale_refcounting.obj
 0004:00000fe4       $pdata$_updatetlocinfoEx_nolock 0000000180027fe4     libucrt:locale_refcounting.obj
 0004:00000ff0       $pdata$_isleadbyte_l       0000000180027ff0     libucrt:_wctype.obj
 0004:00000ffc       $pdata$?__acrt_LCMapStringA_stat@@YAHPEAU__crt_locale_pointers@@PEB_WKPEBDHPEADHHH@Z 0000000180027ffc     libucrt:lcmapstringa.obj
 0004:00001008       $pdata$__acrt_LCMapStringA 0000000180028008     libucrt:lcmapstringa.obj
 0004:00001014       $pdata$__acrt_locale_free_monetary 0000000180028014     libucrt:initmon.obj
 0004:00001020       $pdata$__acrt_locale_free_numeric 0000000180028020     libucrt:initnum.obj
 0004:0000102c       $pdata$?free_crt_array_internal@@YAXQEAPEBX_K@Z 000000018002802c     libucrt:inittime.obj
 0004:00001038       $pdata$__acrt_locale_free_time 0000000180028038     libucrt:inittime.obj
 0004:00001044       $pdata$__acrt_GetStringTypeA 0000000180028044     libucrt:getstringtypea.obj
 0004:00001050       $pdata$__acrt_fp_strflt_to_string 0000000180028050     libucrt:_fptostr.obj
 0004:0000105c       $pdata$?divide@__crt_strtox@@YA_KAEAUbig_integer@1@AEBU21@@Z 000000018002805c     libucrt:cfout.obj
 0004:00001068       $pdata$5$?divide@__crt_strtox@@YA_KAEAUbig_integer@1@AEBU21@@Z 0000000180028068     libucrt:cfout.obj
 0004:00001074       $pdata$6$?divide@__crt_strtox@@YA_KAEAUbig_integer@1@AEBU21@@Z 0000000180028074     libucrt:cfout.obj
 0004:00001080       $pdata$__acrt_fltout       0000000180028080     libucrt:cfout.obj
 0004:0000108c       $pdata$memcpy_s            000000018002808c     libucrt:cfout.obj
 0004:00001098       $pdata$_fcloseall          0000000180028098     libucrt:closeall.obj
 0004:000010a4       $pdata$__acrt_stdio_flush_nolock 00000001800280a4     libucrt:fflush.obj
 0004:000010b0       $pdata$_fflush_nolock      00000001800280b0     libucrt:fflush.obj
 0004:000010bc       $pdata$common_flush_all    00000001800280bc     libucrt:fflush.obj
 0004:000010c8       $pdata$__acrt_stdio_free_buffer_nolock 00000001800280c8     libucrt:_freebuf.obj
 0004:000010d4       $pdata$_isatty             00000001800280d4     libucrt:isatty.obj
 0004:000010e0       $pdata$__acrt_lowio_create_handle_array 00000001800280e0     libucrt:osfinfo.obj
 0004:000010ec       $pdata$__acrt_lowio_destroy_handle_array 00000001800280ec     libucrt:osfinfo.obj
 0004:000010f8       $pdata$__acrt_lowio_ensure_fh_exists 00000001800280f8     libucrt:osfinfo.obj
 0004:00001104       $pdata$_free_osfhnd        0000000180028104     libucrt:osfinfo.obj
 0004:00001110       $pdata$_get_osfhandle      0000000180028110     libucrt:osfinfo.obj
 0004:0000111c       $pdata$?GetTableIndexFromLocaleName@@YAHPEB_W@Z 000000018002811c     libucrt:lcidtoname_downlevel.obj
 0004:00001128       $pdata$__acrt_DownlevelLocaleNameToLCID 0000000180028128     libucrt:lcidtoname_downlevel.obj
 0004:00001134       $pdata$?shortsort@@YAXPEAD0_KP6AHPEBX2@Z@Z 0000000180028134     libucrt:qsort.obj
 0004:00001140       $pdata$2$?shortsort@@YAXPEAD0_KP6AHPEBX2@Z@Z 0000000180028140     libucrt:qsort.obj
 0004:0000114c       $pdata$3$?shortsort@@YAXPEAD0_KP6AHPEBX2@Z@Z 000000018002814c     libucrt:qsort.obj
 0004:00001158       $pdata$qsort               0000000180028158     libucrt:qsort.obj
 0004:00001164       $pdata$4$qsort             0000000180028164     libucrt:qsort.obj
 0004:00001170       $pdata$5$qsort             0000000180028170     libucrt:qsort.obj
 0004:0000117c       $pdata$strncpy_s           000000018002817c     libucrt:strncpy_s.obj
 0004:00001188       $pdata$strpbrk             0000000180028188     libucrt:strpbrk.obj
 0004:00001194       $pdata$_mbsdec_l           0000000180028194     libucrt:mbsdec.obj
 0004:000011a0       $pdata$?initialize_multibyte@@YAHXZ 00000001800281a0     libucrt:multibyte_initializer.obj
 0004:000011ac       $pdata$_msize              00000001800281ac     libucrt:msize.obj
 0004:000011b8       $pdata$_realloc_base       00000001800281b8     libucrt:realloc_base.obj
 0004:000011c4       $pdata$fegetenv            00000001800281c4     libucrt:fegetenv.obj
 0004:000011d0       $pdata$fesetenv            00000001800281d0     libucrt:fesetenv.obj
 0004:000011dc       $pdata$feholdexcept        00000001800281dc     libucrt:feholdexcept.obj
 0004:000011f4       $pdata$?write_double_translated_ansi_nolock@@YA?AUwrite_result@?A0x9c548279@@HQEBDI@Z 00000001800281f4     libucrt:write.obj
 0004:00001200       $pdata$?write_text_ansi_nolock@@YA?AUwrite_result@?A0x9c548279@@HQEBDI@Z 0000000180028200     libucrt:write.obj
 0004:0000120c       $pdata$?write_text_utf16le_nolock@@YA?AUwrite_result@?A0x9c548279@@HQEBDI@Z 000000018002820c     libucrt:write.obj
 0004:00001218       $pdata$?write_text_utf8_nolock@@YA?AUwrite_result@?A0x9c548279@@HQEBDI@Z 0000000180028218     libucrt:write.obj
 0004:00001224       $pdata$_write              0000000180028224     libucrt:write.obj
 0004:00001230       $pdata$_write_nolock       0000000180028230     libucrt:write.obj
 0004:0000123c       $pdata$??$common_lseek_nolock@_J@@YA_JH_JH@Z 000000018002823c     libucrt:lseek.obj
 0004:00001248       $pdata$_fclose_nolock      0000000180028248     libucrt:fclose.obj
 0004:00001254       $pdata$fclose              0000000180028254     libucrt:fclose.obj
 0004:00001260       $pdata$??$?RV<lambda_b521505b218e5242e90febf6bfebc422>@@AEAV<lambda_6978c1fb23f02e42e1d9e99668cc68aa>@@V<lambda_314360699dd331753a4119843814e9a7>@@@?$__crt_seh_guarded_call@H@@QEAAH$$QEAV<lambda_b521505b218e5242e90febf6bfebc422>@@AEAV<lambda_6978c1fb23f02e42e1d9e99668cc68aa>@@$$QEAV<lambda_314360699dd331753a4119843814e9a7>@@@Z 0000000180028260     libucrt:commit.obj
 0004:0000126c       $pdata$_commit             000000018002826c     libucrt:commit.obj
 0004:00001278       $pdata$_getfpcontrolword   0000000180028278     libucrt:_fenvutils.obj
 0004:00001284       $pdata$_getfpstatusword    0000000180028284     libucrt:_fenvutils.obj
 0004:00001290       $pdata$_setfpstatusword    0000000180028290     libucrt:_fenvutils.obj
 0004:0000129c       $pdata$_clearfp            000000018002829c     libucrt:ieee.obj
 0004:000012a8       $pdata$common_control87    00000001800282a8     libucrt:ieee.obj
 0004:000012b4       $pdata$_call_matherr       00000001800282b4     libucrt:libm_error.obj
 0004:000012c0       $pdata$_exception_enabled  00000001800282c0     libucrt:libm_error.obj
 0004:000012cc       $pdata$_handle_error       00000001800282cc     libucrt:libm_error.obj
 0004:000012d8       $pdata$__acrt_initialize_fma3 00000001800282d8     libucrt:fma3_available.obj
 0004:000012e4       $pdata$_log10_special      00000001800282e4     libucrt:log_special.obj
 0004:000012f0       $pdata$_log_special_common 00000001800282f0     libucrt:log_special.obj
 0004:000012fc       $pdata$_putwch_nolock      00000001800282fc     libucrt:putwch.obj
 0004:00001308       $pdata$??$?RV<lambda_bfedae4ebbf01fab1bb6dcc6a9e276e0>@@AEAV<lambda_2fe9b910cf3cbf4a0ab98a02ba45b3ec>@@V<lambda_237c231691f317818eb88cc1d5d642d6>@@@?$__crt_seh_guarded_call@H@@QEAAH$$QEAV<lambda_bfedae4ebbf01fab1bb6dcc6a9e276e0>@@AEAV<lambda_2fe9b910cf3cbf4a0ab98a02ba45b3ec>@@$$QEAV<lambda_237c231691f317818eb88cc1d5d642d6>@@@Z 0000000180028308     libucrt:close.obj
 0004:00001314       $pdata$_close              0000000180028314     libucrt:close.obj
 0004:00001320       $pdata$_close_nolock       0000000180028320     libucrt:close.obj
 0004:00001338       $pdata$_raise_exc          0000000180028338     libucrt:fpexcept.obj
 0004:00001344       $pdata$_raise_exc_ex       0000000180028344     libucrt:fpexcept.obj
 0004:00001350       $pdata$_set_errno_from_matherr 0000000180028350     libucrt:fpexcept.obj
 0004:0000135c       $pdata$_clrfp              000000018002835c     libucrt:fpctrl.obj
 0004:00001368       $pdata$_ctrlfp             0000000180028368     libucrt:fpctrl.obj
 0004:00001374       $pdata$_set_statfp         0000000180028374     libucrt:fpctrl.obj
 0004:00001380       $pdata$_statfp             0000000180028380     libucrt:fpctrl.obj
 0004:0000138c       $pdata$__dcrt_lowio_initialize_console_output 000000018002838c     libucrt:initcon.obj
 0004:00001398       $pdata$__dcrt_terminate_console_output 0000000180028398     libucrt:initcon.obj
 0004:000013a4       $pdata$?DloadAcquireSectionWriteAccess@@YAXXZ 00000001800283a4     DelayImp:delayhlp.obj
 0004:000013b0       $pdata$?DloadGetSRWLockFunctionPointers@@YAEXZ 00000001800283b0     DelayImp:delayhlp.obj
 0004:000013bc       $pdata$?DloadMakePermanentImageCommit@@YAXPEAX_K@Z 00000001800283bc     DelayImp:delayhlp.obj
 0004:000013c8       $pdata$?DloadObtainSection@@YAPEAXPEAK0@Z 00000001800283c8     DelayImp:delayhlp.obj
 0004:000013d4       $pdata$?DloadProtectSection@@YAXKPEAK@Z 00000001800283d4     DelayImp:delayhlp.obj
 0004:000013e0       $pdata$?DloadReleaseSectionWriteAccess@@YAXXZ 00000001800283e0     DelayImp:delayhlp.obj
 0004:000013ec       $pdata$__delayLoadHelper2  00000001800283ec     DelayImp:delayhlp.obj
 0004:000013f8       $pdata$_IsNonwritableInCurrentImage 00000001800283f8     LIBCMT:pesect.obj
 0004:00001404       $pdata$__GSHandlerCheck    0000000180028404     LIBCMT:_gshandler_.obj
 0004:00001410       $pdata$__GSHandlerCheckCommon 0000000180028410     LIBCMT:_gshandler_.obj
 0004:00001434       $pdata$strrchr             0000000180028434     libvcruntime:strrchr.obj
 0004:0000144c       $pdata$?fin$0@?0??dllmain_crt_process_attach@@YAHQEAUHINSTANCE__@@QEAX@Z@4HA 000000018002844c     LIBCMT:dll_dllmain.obj
 0004:00001458       $pdata$?fin$0@?0??dllmain_crt_process_detach@@YAH_N@Z@4HA 0000000180028458     LIBCMT:dll_dllmain.obj
 0004:00001464       $pdata$?filt$0@?0??dllmain_dispatch@@YAHQEAUHINSTANCE__@@KQEAX@Z@4HA 0000000180028464     LIBCMT:dll_dllmain.obj
 0004:00001470       $pdata$__scrt_is_nonwritable_in_current_image$filt$0 0000000180028470     LIBCMT:utility.obj
 0004:0000147c       $pdata$?filt$0@?0???$thread_start@P6AIPEAX@Z@@YAKQEAX@Z@4HA 000000018002847c     libucrt:thread.obj
 0004:00001488       $pdata$_query_new_handler$fin$0 0000000180028488     libucrt:new_handler.obj
 0004:00001494       $pdata$?filt$0@?0??common_exit@@YAXHW4_crt_exit_cleanup_mode@@W4_crt_exit_return_mode@@@Z@4HA 0000000180028494     libucrt:exit.obj
 0004:000014a0       $pdata$?fin$1@?0??common_exit@@YAXHW4_crt_exit_cleanup_mode@@W4_crt_exit_return_mode@@@Z@4HA 00000001800284a0     libucrt:exit.obj
 0004:000014ac       $pdata$?fin$0@?0???$?RV<lambda_e24bbb7b643b32fcea6fa61b31d4c984>@@AEAV<lambda_275893d493268fdec8709772e3fcec0e>@@V<lambda_9d71df4d7cf3f480f8d633942495c3b0>@@@?$__crt_seh_guarded_call@H@@QEAAH$$QEAV<lambda_e24bbb7b643b32fcea6fa61b31d4c984>@@AEAV<lambda_275893d493268fdec8709772e3fcec0e>@@$$QEAV<lambda_9d71df4d7cf3f480f8d633942495c3b0>@@@Z@4HA 00000001800284ac     libucrt:onexit.obj
 0004:000014b8       $pdata$__acrt_uninitialize_locale$fin$0 00000001800284b8     libucrt:wsetlocale.obj
 0004:000014b8       $pdata$__acrt_update_thread_locale_data$fin$0 00000001800284b8     libucrt:locale_refcounting.obj
 0004:000014c4       $pdata$__acrt_initialize_lowio$fin$0 00000001800284c4     libucrt:ioinit.obj
 0004:000014c4       $pdata$__acrt_lowio_ensure_fh_exists$fin$0 00000001800284c4     libucrt:osfinfo.obj
 0004:000014d0       $pdata$?fin$0@?0???$?RV<lambda_fb3a7dec4e47f37f22dae91bb15c9095>@@AEAV<lambda_698284760c8add0bfb0756c19673e34b>@@V<lambda_dfb8eca1e75fef3034a8fb18dd509707>@@@?$__crt_seh_guarded_call@X@@QEAAX$$QEAV<lambda_fb3a7dec4e47f37f22dae91bb15c9095>@@AEAV<lambda_698284760c8add0bfb0756c19673e34b>@@$$QEAV<lambda_dfb8eca1e75fef3034a8fb18dd509707>@@@Z@4HA 00000001800284d0     libucrt:per_thread_data.obj
 0004:000014d0       $pdata$?fin$0@?0???$?RV<lambda_5e887d1dcbef67a5eb4283622ba103bf>@@AEAV<lambda_4466841279450cc726390878d4a41900>@@V<lambda_341c25c0346d94847f1f3c463c57e077>@@@?$__crt_seh_guarded_call@X@@QEAAX$$QEAV<lambda_5e887d1dcbef67a5eb4283622ba103bf>@@AEAV<lambda_4466841279450cc726390878d4a41900>@@$$QEAV<lambda_341c25c0346d94847f1f3c463c57e077>@@@Z@4HA 00000001800284d0     libucrt:per_thread_data.obj
 0004:000014d0       $pdata$?fin$0@?0???$?RV<lambda_c36588078e9f5dfd39652860aa6b3aaf>@@AEAV<lambda_ec61778202f4f5fc7e7711acc23c3bca>@@V<lambda_dc9d2797ccde5d239b4a0efae8ebd7db>@@@?$__crt_seh_guarded_call@P6AXH@Z@@QEAAP6AXH@Z$$QEAV<lambda_c36588078e9f5dfd39652860aa6b3aaf>@@AEAV<lambda_ec61778202f4f5fc7e7711acc23c3bca>@@$$QEAV<lambda_dc9d2797ccde5d239b4a0efae8ebd7db>@@@Z@4HA 00000001800284d0     libucrt:signal.obj
 0004:000014d0       $pdata$?fin$0@?0???$?RV<lambda_99476a1ad63dd22509b5d3e65b0ffc95>@@AEAV<lambda_ad1ced32f4ac17aa236e5ef05d6b3b7c>@@V<lambda_f7424dd8d45958661754dc4f2697e9c3>@@@?$__crt_seh_guarded_call@X@@QEAAX$$QEAV<lambda_99476a1ad63dd22509b5d3e65b0ffc95>@@AEAV<lambda_ad1ced32f4ac17aa236e5ef05d6b3b7c>@@$$QEAV<lambda_f7424dd8d45958661754dc4f2697e9c3>@@@Z@4HA 00000001800284d0     libucrt:mbctype.obj
 0004:000014d0       $pdata$?fin$0@?0???$?RV<lambda_b8c45f8f788dd370798f47cfe8ac3a86>@@AEAV<lambda_4e60a939b0d047cfe11ddc22648dfba9>@@V<lambda_332c3edc96d0294ec56c57d38c1cdfd5>@@@?$__crt_seh_guarded_call@H@@QEAAH$$QEAV<lambda_b8c45f8f788dd370798f47cfe8ac3a86>@@AEAV<lambda_4e60a939b0d047cfe11ddc22648dfba9>@@$$QEAV<lambda_332c3edc96d0294ec56c57d38c1cdfd5>@@@Z@4HA 00000001800284d0     libucrt:onexit.obj
 0004:000014d0       $pdata$?fin$0@?0???$?RV<lambda_72d1df2b273a38828b1ce30cbf4cdab5>@@AEAV<lambda_876a65b173b8412d3a47c70a915b0cf4>@@V<lambda_41932305e351933ebe8f8be3ed8bb5dc>@@@?$__crt_seh_guarded_call@X@@QEAAX$$QEAV<lambda_72d1df2b273a38828b1ce30cbf4cdab5>@@AEAV<lambda_876a65b173b8412d3a47c70a915b0cf4>@@$$QEAV<lambda_41932305e351933ebe8f8be3ed8bb5dc>@@@Z@4HA 00000001800284d0     libucrt:per_thread_data.obj
 0004:000014d0       $pdata$?fin$0@?0???$?RV<lambda_46352004c1216016012b18bd6f87e700>@@AEAV<lambda_3bd07e1a1191394380780325891bf33f>@@V<lambda_334532d3f185bcaa59b5be82d7d22bff>@@@?$__crt_seh_guarded_call@X@@QEAAX$$QEAV<lambda_46352004c1216016012b18bd6f87e700>@@AEAV<lambda_3bd07e1a1191394380780325891bf33f>@@$$QEAV<lambda_334532d3f185bcaa59b5be82d7d22bff>@@@Z@4HA 00000001800284d0     libucrt:per_thread_data.obj
 0004:000014dc       $pdata$__acrt_update_thread_multibyte_data$fin$0 00000001800284dc     libucrt:mbctype.obj
 0004:000014e8       $pdata$raise$fin$0         00000001800284e8     libucrt:signal.obj
 0004:000014f4       $pdata$_fcloseall$fin$0    00000001800284f4     libucrt:closeall.obj
 0004:00001500       $pdata$common_flush_all$fin$0 0000000180028500     libucrt:fflush.obj
 0004:0000150c       $pdata$common_flush_all$fin$1 000000018002850c     libucrt:fflush.obj
 0004:00001518       $pdata$_write$fin$0        0000000180028518     libucrt:write.obj
 0004:00001524       $pdata$fclose$fin$0        0000000180028524     libucrt:fclose.obj
 0004:00001530       $pdata$?fin$0@?0???$?RV<lambda_b521505b218e5242e90febf6bfebc422>@@AEAV<lambda_6978c1fb23f02e42e1d9e99668cc68aa>@@V<lambda_314360699dd331753a4119843814e9a7>@@@?$__crt_seh_guarded_call@H@@QEAAH$$QEAV<lambda_b521505b218e5242e90febf6bfebc422>@@AEAV<lambda_6978c1fb23f02e42e1d9e99668cc68aa>@@$$QEAV<lambda_314360699dd331753a4119843814e9a7>@@@Z@4HA 0000000180028530     libucrt:commit.obj
 0004:00001530       $pdata$?fin$0@?0???$?RV<lambda_bfedae4ebbf01fab1bb6dcc6a9e276e0>@@AEAV<lambda_2fe9b910cf3cbf4a0ab98a02ba45b3ec>@@V<lambda_237c231691f317818eb88cc1d5d642d6>@@@?$__crt_seh_guarded_call@H@@QEAAH$$QEAV<lambda_bfedae4ebbf01fab1bb6dcc6a9e276e0>@@AEAV<lambda_2fe9b910cf3cbf4a0ab98a02ba45b3ec>@@$$QEAV<lambda_237c231691f317818eb88cc1d5d642d6>@@@Z@4HA 0000000180028530     libucrt:close.obj
 0004:0000153c       $pdata$common_control87$filt$0 000000018002853c     libucrt:ieee.obj
 0004:0000153c       $pdata$_ctrlfp$filt$0      000000018002853c     libucrt:fpctrl.obj
 0004:00001548       $pdata$_IsNonwritableInCurrentImage$filt$0 0000000180028548     LIBCMT:pesect.obj
 0005:00000000       __guard_fids__beginthreadex 0000000180029000     libucrt:thread.obj
 0005:00000004       __guard_fids__             0000000180029004     libucrt:initialization.obj
 0005:00000064       __guard_fids___acrt_initialize_ptd 0000000180029064     libucrt:per_thread_data.obj
 0005:00000068       __guard_fids_??$expand_argument_wildcards@D@@YAHQEAD0AEAV?$argument_list@D@?A0xca0879c4@@@Z 0000000180029068     libucrt:argv_wildcards.obj
 0005:0000006c       __guard_fids__             000000018002906c     libucrt:locale_initializer.obj
 0005:00000070       __guard_fids__             0000000180029070     libucrt:stdio_initializer.obj
 0005:00000074       __guard_fids__             0000000180029074     libucrt:stdio_initializer.obj
 0005:00000078       __guard_fids__             0000000180029078     libucrt:multibyte_initializer.obj
 0005:0000007c       __guard_fids__             000000018002907c     libucrt:fma3_initializer.obj
 0005:00000080       __guard_fids__             0000000180029080     libucrt:console_output_initializer.obj
 0005:00000084       __guard_fids__             0000000180029084     libcpmt:xthrow.obj
 0005:0000008c       __guard_fids__             000000018002908c     libcpmt:xthrow.obj
 0005:00000094       __guard_fids__             0000000180029094     libcpmt:xthrow.obj
 0005:0000009c       __guard_fids__             000000018002909c     libcpmt:xthrow.obj
 0005:000000a4       __guard_fids__             00000001800290a4     libcpmt:xthrow.obj
 0005:000000ac       __guard_fids_?dllmain_crt_process_attach@@YAHQEAUHINSTANCE__@@QEAX@Z 00000001800290ac     LIBCMT:dll_dllmain.obj
 0005:000000b4       __guard_fids_?dllmain_dispatch@@YAHQEAUHINSTANCE__@@KQEAX@Z 00000001800290b4     LIBCMT:dll_dllmain.obj
 0005:000000b8       __guard_fids__             00000001800290b8     LIBCMT:std_type_info_static.obj
 0005:000000bc       __guard_fids__             00000001800290bc     LIBCMT:throw_bad_alloc.obj
 0005:000000c4       __guard_fids__             00000001800290c4     LIBCMT:guard_support.obj
 0005:000000c8       __guard_fids___vcrt_initialize_ptd 00000001800290c8     libvcruntime:per_thread_data.obj
 0006:00000060       $R000000                   000000018002a060     * linker generated manifest res *

 Exports

  ordinal    name

        1    _register_argon2_lib_
        2    argon2_ctx
        3    argon2_encodedlen
        4    argon2_error_message
        5    argon2_hash
        6    argon2_type2string
        7    argon2_verify
        8    argon2_verify_ctx
        9    argon2d_ctx
       10    argon2d_hash_encoded
       11    argon2d_hash_raw
       12    argon2d_verify
       13    argon2d_verify_ctx
       14    argon2i_ctx
       15    argon2i_hash_encoded
       16    argon2i_hash_raw
       17    argon2i_verify
       18    argon2i_verify_ctx
       19    argon2id_ctx
       20    argon2id_hash_encoded
       21    argon2id_hash_raw
       22    argon2id_verify
       23    argon2id_verify_ctx
